Archive member included to satisfy reference by file (symbol)

app/libapp.a(main.c.obj)      (--whole-archive)
zephyr/libzephyr.a(validate_libc.c.obj)
                              (--whole-archive)
zephyr/libzephyr.a(heap.c.obj)
                              (--whole-archive)
zephyr/libzephyr.a(cbprintf_packaged.c.obj)
                              (--whole-archive)
zephyr/libzephyr.a(clock.c.obj)
                              (--whole-archive)
zephyr/libzephyr.a(printk.c.obj)
                              (--whole-archive)
zephyr/libzephyr.a(sem.c.obj)
                              (--whole-archive)
zephyr/libzephyr.a(thread_entry.c.obj)
                              (--whole-archive)
zephyr/libzephyr.a(cbprintf_complete.c.obj)
                              (--whole-archive)
zephyr/libzephyr.a(assert.c.obj)
                              (--whole-archive)
zephyr/libzephyr.a(dec.c.obj)
                              (--whole-archive)
zephyr/libzephyr.a(hex.c.obj)
                              (--whole-archive)
zephyr/libzephyr.a(rb.c.obj)  (--whole-archive)
zephyr/libzephyr.a(timeutil.c.obj)
                              (--whole-archive)
zephyr/libzephyr.a(bitarray.c.obj)
                              (--whole-archive)
zephyr/libzephyr.a(bitmask.c.obj)
                              (--whole-archive)
zephyr/libzephyr.a(getopt.c.obj)
                              (--whole-archive)
zephyr/libzephyr.a(getopt_common.c.obj)
                              (--whole-archive)
zephyr/libzephyr.a(ring_buffer.c.obj)
                              (--whole-archive)
zephyr/libzephyr.a(last_section_id.c.obj)
                              (--whole-archive)
zephyr/libzephyr.a(configs.c.obj)
                              (--whole-archive)
zephyr/libzephyr.a(soc.c.obj)
                              (--whole-archive)
zephyr/libzephyr.a(mpu_regions.c.obj)
                              (--whole-archive)
zephyr/libzephyr.a(mem_attr.c.obj)
                              (--whole-archive)
zephyr/libzephyr.a(tracing_none.c.obj)
                              (--whole-archive)
zephyr/arch/common/libarch__common.a(sw_isr_common.c.obj)
                              (--whole-archive)
zephyr/arch/common/libarch__common.a(init.c.obj)
                              (--whole-archive)
zephyr/arch/common/libarch__common.a(xip.c.obj)
                              (--whole-archive)
zephyr/arch/arch/arm/core/libarch__arm__core.a(fatal.c.obj)
                              (--whole-archive)
zephyr/arch/arch/arm/core/libarch__arm__core.a(nmi.c.obj)
                              (--whole-archive)
zephyr/arch/arch/arm/core/libarch__arm__core.a(nmi_on_reset.S.obj)
                              (--whole-archive)
zephyr/arch/arch/arm/core/libarch__arm__core.a(tls.c.obj)
                              (--whole-archive)
zephyr/arch/arch/arm/core/cortex_m/libarch__arm__core__cortex_m.a(exc_exit.c.obj)
                              (--whole-archive)
zephyr/arch/arch/arm/core/cortex_m/libarch__arm__core__cortex_m.a(fault.c.obj)
                              (--whole-archive)
zephyr/arch/arch/arm/core/cortex_m/libarch__arm__core__cortex_m.a(fault_s.S.obj)
                              (--whole-archive)
zephyr/arch/arch/arm/core/cortex_m/libarch__arm__core__cortex_m.a(fpu.c.obj)
                              (--whole-archive)
zephyr/arch/arch/arm/core/cortex_m/libarch__arm__core__cortex_m.a(reset.S.obj)
                              (--whole-archive)
zephyr/arch/arch/arm/core/cortex_m/libarch__arm__core__cortex_m.a(scb.c.obj)
                              (--whole-archive)
zephyr/arch/arch/arm/core/cortex_m/libarch__arm__core__cortex_m.a(thread_abort.c.obj)
                              (--whole-archive)
zephyr/arch/arch/arm/core/cortex_m/libarch__arm__core__cortex_m.a(vector_table.S.obj)
                              (--whole-archive)
zephyr/arch/arch/arm/core/cortex_m/libarch__arm__core__cortex_m.a(swap_helper.S.obj)
                              (--whole-archive)
zephyr/arch/arch/arm/core/cortex_m/libarch__arm__core__cortex_m.a(irq_manage.c.obj)
                              (--whole-archive)
zephyr/arch/arch/arm/core/cortex_m/libarch__arm__core__cortex_m.a(prep_c.c.obj)
                              (--whole-archive)
zephyr/arch/arch/arm/core/cortex_m/libarch__arm__core__cortex_m.a(thread.c.obj)
                              (--whole-archive)
zephyr/arch/arch/arm/core/cortex_m/libarch__arm__core__cortex_m.a(cpu_idle.c.obj)
                              (--whole-archive)
zephyr/arch/arch/arm/core/cortex_m/libarch__arm__core__cortex_m.a(irq_init.c.obj)
                              (--whole-archive)
zephyr/arch/arch/arm/core/cortex_m/libarch__arm__core__cortex_m.a(isr_wrapper.c.obj)
                              (--whole-archive)
zephyr/arch/arch/arm/core/cortex_m/libarch__arm__core__cortex_m.a(__aeabi_read_tp.S.obj)
                              (--whole-archive)
zephyr/arch/arch/arm/core/cortex_m/libarch__arm__core__cortex_m.a(cache.c.obj)
[...]
Memory Configuration

Name             Origin             Length             Attributes
FLASH            0x0000000030000000 0x0000000001000000 xr
RAM              0x0000000080000000 0x0000000004000000 xw
OCRAM            0x0000000020200000 0x0000000000040000 rw
ITCM             0x0000000000000000 0x0000000000040000 rw
DTCM             0x0000000020000000 0x0000000000040000 rw
OCRAM1           0x0000000020240000 0x0000000000080000 rw
OCRAM2           0x00000000202c0000 0x0000000000080000 rw
IDT_LIST         0x00000000ffff7fff 0x0000000000008000 xw
*default*        0x0000000000000000 0xffffffffffffffff

Linker script and memory map

                0x0000000030005d18                vfprintf = __l_vfprintf
                0x0000000000000000                vfscanf = __l_vfscanf
LOAD zephyr/CMakeFiles/zephyr_pre0.dir/misc/empty_file.c.obj
LOAD zephyr/CMakeFiles/offsets.dir/./arch/arm/core/offsets/offsets.c.obj
LOAD app/libapp.a
LOAD zephyr/libzephyr.a
LOAD zephyr/arch/common/libarch__common.a
LOAD zephyr/arch/arch/arm/core/libarch__arm__core.a
LOAD zephyr/arch/arch/arm/core/cortex_m/libarch__arm__core__cortex_m.a
LOAD zephyr/arch/arch/arm/core/mpu/libarch__arm__core__mpu.a
LOAD zephyr/lib/libc/picolibc/liblib__libc__picolibc.a
LOAD zephyr/lib/libc/common/liblib__libc__common.a
LOAD zephyr/lib/posix/c_lib_ext/liblib__posix__c_lib_ext.a
LOAD zephyr/boards/boards/arm/ionode_a2/lib..__..__..__zephyr_apps__boards__ammortal__ionode_a2.a
LOAD zephyr/drivers/misc/nxp_flexram/libdrivers__misc__nxp_flexram.a
LOAD zephyr/drivers/clock_control/libdrivers__clock_control.a
LOAD zephyr/drivers/console/libdrivers__console.a
LOAD zephyr/drivers/gpio/libdrivers__gpio.a
LOAD zephyr/drivers/pinctrl/libdrivers__pinctrl.a
LOAD zephyr/drivers/serial/libdrivers__serial.a
LOAD zephyr/drivers/timer/libdrivers__timer.a
LOAD modules/hal_nxp/libmodules__hal_nxp.a
LOAD zephyr/kernel/libkernel.a
LOAD zephyr/arch/common/libisr_tables.a
LOAD c:\users\omnitek\zephyr-sdk-0.17.4\arm-zephyr-eabi\bin\../lib/gcc/../../picolibc/arm-zephyr-eabi/lib/thumb/v7e-m/nofp\libc.a
LOAD c:/users/omnitek/zephyr-sdk-0.17.4/arm-zephyr-eabi/bin/../lib/gcc/arm-zephyr-eabi/12.2.0/thumb/v7e-m/nofp\libgcc.a
                0x0000000000000020                _region_min_align = 0x20

.rel.plt        0x0000000030000000        0x0
 *(SORT_BY_ALIGNMENT(.rel.plt))
                [!provide]                        PROVIDE (__rel_iplt_start = .)
 *(SORT_BY_ALIGNMENT(.rel.iplt))
 .rel.iplt      0x0000000030000000        0x0 app/libapp.a(main.c.obj)
                [!provide]                        PROVIDE (__rel_iplt_end = .)

.rela.plt       0x0000000000000000        0x0
 *(SORT_BY_ALIGNMENT(.rela.plt))
                [!provide]                        PROVIDE (__rela_iplt_start = .)
 *(SORT_BY_ALIGNMENT(.rela.iplt))
                [!provide]                        PROVIDE (__rela_iplt_end = .)

.rel.dyn
 *(SORT_BY_ALIGNMENT(.rel.*))

.rela.dyn
 *(SORT_BY_ALIGNMENT(.rela.*))

/DISCARD/
 *(SORT_BY_ALIGNMENT(.plt))

/DISCARD/
 *(SORT_BY_ALIGNMENT(.iplt))
                0x0000000030000000                __rom_region_start = 0x30000000

rom_start       0x0000000030000000     0x23a8
                0x0000000030000000                __rom_start_address = .
 FILL mask 0x00
                0x0000000030000400                . = (. + (0x400 - (. - __rom_start_address)))
 *fill*         0x0000000030000000      0x400 00
 *(SORT_BY_ALIGNMENT(.boot_hdr.conf))
 .boot_hdr.conf
                0x0000000030000400      0x200 zephyr/boards/boards/arm/ionode_a2/lib..__..__..__zephyr_apps__boards__ammortal__ionode_a2.a(ionode_a2_flexspi_nor_config.c.obj)
                0x0000000030000400                qspi_flash_config
                0x0000000030001000                . = (. + (0x1000 - (. - __rom_start_address)))
 *fill*         0x0000000030000600      0xa00 00
 *(SORT_BY_ALIGNMENT(.boot_hdr.ivt))
 .boot_hdr.ivt  0x0000000030001000       0x20 zephyr/libzephyr.a(soc.c.obj)
                0x0000000030001000                image_vector_table
 *(SORT_BY_ALIGNMENT(.boot_hdr.data))
 .boot_hdr.data
                0x0000000030001020       0x10 zephyr/libzephyr.a(soc.c.obj)
                0x0000000030001020                boot_data
                0x0000000030001040                . = (. + (0x1040 - (. - __rom_start_address)))
 *fill*         0x0000000030001030       0x10 00
 *(SORT_BY_ALIGNMENT(.boot_hdr.xmcd_data))
 .boot_hdr.xmcd_data
                0x0000000030001040       0x48 zephyr/boards/boards/arm/ionode_a2/lib..__..__..__zephyr_apps__boards__ammortal__ionode_a2.a(xmcd.c.obj)
                0x0000000030001040                xmcd_data
                0x0000000030002000                . = (. + (0x2000 - (. - __rom_start_address)))
 *fill*         0x0000000030001088      0xf78 00
                0x0000000030002000                . = ALIGN (0x4)
                0x0000000030002000                . = ALIGN (0x80)
                0x0000000030002000                . = ALIGN (0x400)
                0x0000000030002000                _vector_start = .
 *(SORT_BY_ALIGNMENT(.exc_vector_table))
 *(SORT_BY_ALIGNMENT(.exc_vector_table.*))
 .exc_vector_table._vector_table_section
                0x0000000030002000       0x40 zephyr/arch/arch/arm/core/cortex_m/libarch__arm__core__cortex_m.a(vector_table.S.obj)
                0x0000000030002000                _vector_table
 *(SORT_BY_ALIGNMENT(.vectors))
                0x00000000300023a8                _vector_end = .
                0x0000000030002040                . = ALIGN (0x4)
 *(SORT_BY_ALIGNMENT(.gnu.linkonce.irq_vector_table*))
 .gnu.linkonce.irq_vector_table
                0x0000000030002040      0x368 zephyr/arch/common/libisr_tables.a(isr_tables.c.obj)
                0x0000000030002040                _irq_vector_table
                0x00000000300023a8                _vector_end = .

.itcm           0x0000000000000000        0x0 load address 0x00000000300023a8
                0x0000000000000000                __itcm_start = .
 *(SORT_BY_ALIGNMENT(.itcm))
 *(SORT_BY_ALIGNMENT(.itcm.*))
                0x0000000000000000                __itcm_end = .
                0x0000000000000000                __itcm_size = (__itcm_end - __itcm_start)
                0x00000000300023a8                __itcm_load_start = LOADADDR (.itcm)

text            0x00000000300023a8     0x4c04
                0x00000000300023a8                __text_region_start = .
 *(SORT_BY_ALIGNMENT(.text))
 .text          0x00000000300023a8       0x10 zephyr/libzephyr.a(soc.c.obj)
                0x00000000300023a8                soc_reset_hook
 .text          0x00000000300023b8      0x378 c:/users/omnitek/zephyr-sdk-0.17.4/arm-zephyr-eabi/bin/../lib/gcc/arm-zephyr-eabi/12.2.0/thumb/v7e-m/nofp\libgcc.a(_arm_addsubdf3.o)
                0x00000000300023b8                __aeabi_drsub
                0x00000000300023c0                __aeabi_dsub
                0x00000000300023c0                __subdf3
                0x00000000300023c4                __aeabi_dadd
                0x00000000300023c4                __adddf3
                0x000000003000263c                __floatunsidf
                0x000000003000263c                __aeabi_ui2d
                0x000000003000265c                __floatsidf
                0x000000003000265c                __aeabi_i2d
                0x0000000030002680                __aeabi_f2d
                0x0000000030002680                __extendsfdf2
                0x00000000300026c4                __floatundidf
                0x00000000300026c4                __aeabi_ul2d
                0x00000000300026d4                __floatdidf
                0x00000000300026d4                __aeabi_l2d
 .text          0x0000000030002730      0x424 c:/users/omnitek/zephyr-sdk-0.17.4/arm-zephyr-eabi/bin/../lib/gcc/arm-zephyr-eabi/12.2.0/thumb/v7e-m/nofp\libgcc.a(_arm_muldivdf3.o)
                0x0000000030002730                __aeabi_dmul
                0x0000000030002730                __muldf3
                0x0000000030002984                __divdf3
                0x0000000030002984                __aeabi_ddiv
 .text          0x0000000030002b54       0x40 c:/users/omnitek/zephyr-sdk-0.17.4/arm-zephyr-eabi/bin/../lib/gcc/arm-zephyr-eabi/12.2.0/thumb/v7e-m/nofp\libgcc.a(_arm_fixunsdfsi.o)
                0x0000000030002b54                __aeabi_d2uiz
                0x0000000030002b54                __fixunsdfsi
 .text          0x0000000030002b94       0x30 c:/users/omnitek/zephyr-sdk-0.17.4/arm-zephyr-eabi/bin/../lib/gcc/arm-zephyr-eabi/12.2.0/thumb/v7e-m/nofp\libgcc.a(_aeabi_uldivmod.o)
                0x0000000030002b94                __aeabi_uldivmod
 .text          0x0000000030002bc4        0x4 c:/users/omnitek/zephyr-sdk-0.17.4/arm-zephyr-eabi/bin/../lib/gcc/arm-zephyr-eabi/12.2.0/thumb/v7e-m/nofp\libgcc.a(_dvmd_tls.o)
                0x0000000030002bc4                __aeabi_idiv0
                0x0000000030002bc4                __aeabi_ldiv0
 .text          0x0000000030002bc8      0x2a0 c:/users/omnitek/zephyr-sdk-0.17.4/arm-zephyr-eabi/bin/../lib/gcc/arm-zephyr-eabi/12.2.0/thumb/v7e-m/nofp\libgcc.a(_udivmoddi4.o)
                0x0000000030002bc8                __udivmoddi4
 *(SORT_BY_ALIGNMENT(.text.*))
 .text.CLOCK_GetAvPllFreq
                0x0000000030002e68       0x88 modules/hal_nxp/libmodules__hal_nxp.a(fsl_clock.c.obj)
 .text.main     0x0000000030002ef0       0xc0 app/libapp.a(main.c.obj)
                0x0000000030002ef0                main
 .text.char_out
                0x0000000030002fb0        0xc zephyr/libzephyr.a(printk.c.obj)
 .text.__printk_hook_install
                0x0000000030002fbc        0xc zephyr/libzephyr.a(printk.c.obj)
                0x0000000030002fbc                __printk_hook_install
 .text.vprintk  0x0000000030002fc8       0x30 zephyr/libzephyr.a(printk.c.obj)
                0x0000000030002fc8                vprintk
 .text.z_thread_entry
                0x0000000030002ff8       0x34 zephyr/libzephyr.a(thread_entry.c.obj)
                0x0000000030002ff8                z_thread_entry
 .text.CLOCK_SetRootClock.isra.0
                0x000000003000302c       0x24 zephyr/libzephyr.a(soc.c.obj)
 .text.clock_init
                0x0000000030003050      0x1f8 zephyr/libzephyr.a(soc.c.obj)
                0x0000000030003050                clock_init
 .text.mem_attr_get_regions
                0x0000000030003248        0xc zephyr/libzephyr.a(mem_attr.c.obj)
                0x0000000030003248                mem_attr_get_regions
 .text.arch_bss_zero
                0x0000000030003254       0x2c zephyr/arch/common/libarch__common.a(init.c.obj)
                0x0000000030003254                arch_bss_zero
 .text.arch_data_copy
                0x0000000030003280       0x64 zephyr/arch/common/libarch__common.a(xip.c.obj)
                0x0000000030003280                arch_data_copy
 .text.z_arm_fatal_error
                0x00000000300032e4       0x60 zephyr/arch/arch/arm/core/libarch__arm__core.a(fatal.c.obj)
                0x00000000300032e4                z_arm_fatal_error
 .text.z_SysNmiOnReset
                0x0000000030003344        0x8 zephyr/arch/arch/arm/core/libarch__arm__core.a(nmi_on_reset.S.obj)
                0x0000000030003344                z_SysNmiOnReset
 .text.arch_tls_stack_setup
                0x000000003000334c       0x40 zephyr/arch/arch/arm/core/libarch__arm__core.a(tls.c.obj)
                0x000000003000334c                arch_tls_stack_setup
 .text._HandlerModeExit
                0x000000003000338c       0x20 zephyr/arch/arch/arm/core/cortex_m/libarch__arm__core__cortex_m.a(exc_exit.c.obj)
                0x000000003000338c                z_arm_int_exit
                0x000000003000338c                z_arm_exc_exit
 .text.mem_manage_fault
                0x00000000300033ac       0xf0 zephyr/arch/arch/arm/core/cortex_m/libarch__arm__core__cortex_m.a(fault.c.obj)
 .text.usage_fault.constprop.0
                0x000000003000349c       0x98 zephyr/arch/arch/arm/core/cortex_m/libarch__arm__core__cortex_m.a(fault.c.obj)
 .text.bus_fault.constprop.0
                0x0000000030003534       0xb8 zephyr/arch/arch/arm/core/cortex_m/libarch__arm__core__cortex_m.a(fault.c.obj)
 .text.z_arm_fault
                0x00000000300035ec      0x1a4 zephyr/arch/arch/arm/core/cortex_m/libarch__arm__core__cortex_m.a(fault.c.obj)
                0x00000000300035ec                z_arm_fault
 .text.z_arm_fault_init
                0x0000000030003790       0x18 zephyr/arch/arch/arm/core/cortex_m/libarch__arm__core__cortex_m.a(fault.c.obj)
                0x0000000030003790                z_arm_fault_init
 .text.__fault  0x00000000300037a8       0x14 zephyr/arch/arch/arm/core/cortex_m/libarch__arm__core__cortex_m.a(fault_s.S.obj)
                0x00000000300037a8                z_arm_usage_fault
                0x00000000300037a8                z_arm_mpu_fault
                0x00000000300037a8                z_arm_exc_spurious
                0x00000000300037a8                z_arm_debug_monitor
                0x00000000300037a8                z_arm_hard_fault
                0x00000000300037a8                z_arm_bus_fault
 .text._reset_section
                0x00000000300037bc       0x38 zephyr/arch/arch/arm/core/cortex_m/libarch__arm__core__cortex_m.a(reset.S.obj)
                0x00000000300037bc                __start
                0x00000000300037bc                z_arm_reset
 .text.z_impl_k_thread_abort
                0x00000000300037f4       0x2c zephyr/arch/arch/arm/core/cortex_m/libarch__arm__core__cortex_m.a(thread_abort.c.obj)
                0x00000000300037f4                z_impl_k_thread_abort
 .text.z_arm_pendsv
                0x0000000030003820       0x60 zephyr/arch/arch/arm/core/cortex_m/libarch__arm__core__cortex_m.a(swap_helper.S.obj)
                0x0000000030003820                z_arm_pendsv
 .text.z_arm_svc
                0x0000000030003880       0x24 zephyr/arch/arch/arm/core/cortex_m/libarch__arm__core__cortex_m.a(swap_helper.S.obj)
                0x0000000030003880                z_arm_svc
 .text.arm_irq_enable
                0x00000000300038a4       0x1c zephyr/arch/arch/arm/core/cortex_m/libarch__arm__core__cortex_m.a(irq_manage.c.obj)
                0x00000000300038a4                arm_irq_enable
 .text.arm_irq_priority_set
                0x00000000300038c0       0x2c zephyr/arch/arch/arm/core/cortex_m/libarch__arm__core__cortex_m.a(irq_manage.c.obj)
                0x00000000300038c0                arm_irq_priority_set
 .text.relocate_vector_table
                0x00000000300038ec       0x1c zephyr/arch/arch/arm/core/cortex_m/libarch__arm__core__cortex_m.a(prep_c.c.obj)
                0x00000000300038ec                relocate_vector_table
 .text.z_prep_c
                0x0000000030003908       0x3c zephyr/arch/arch/arm/core/cortex_m/libarch__arm__core__cortex_m.a(prep_c.c.obj)
                0x0000000030003908                z_prep_c
 .text.arch_new_thread
                0x0000000030003944       0x2c zephyr/arch/arch/arm/core/cortex_m/libarch__arm__core__cortex_m.a(thread.c.obj)
                0x0000000030003944                arch_new_thread
 .text.z_check_thread_stack_fail
                0x0000000030003970       0x2c zephyr/arch/arch/arm/core/cortex_m/libarch__arm__core__cortex_m.a(thread.c.obj)
                0x0000000030003970                z_check_thread_stack_fail
 .text.arch_switch_to_main_thread
                0x000000003000399c       0x3c zephyr/arch/arch/arm/core/cortex_m/libarch__arm__core__cortex_m.a(thread.c.obj)
                0x000000003000399c                arch_switch_to_main_thread
 .text.z_arm_cpu_idle_init
                0x00000000300039d8        0xc zephyr/arch/arch/arm/core/cortex_m/libarch__arm__core__cortex_m.a(cpu_idle.c.obj)
                0x00000000300039d8                z_arm_cpu_idle_init
 .text.z_arm_interrupt_init
                0x00000000300039e4       0x18 zephyr/arch/arch/arm/core/cortex_m/libarch__arm__core__cortex_m.a(irq_init.c.obj)
                0x00000000300039e4                z_arm_interrupt_init
 .text._isr_wrapper
                0x00000000300039fc       0x24 zephyr/arch/arch/arm/core/cortex_m/libarch__arm__core__cortex_m.a(isr_wrapper.c.obj)
                0x00000000300039fc                _isr_wrapper
 .text.arch_dcache_enable
                0x0000000030003a20       0x5c zephyr/arch/arch/arm/core/cortex_m/libarch__arm__core__cortex_m.a(cache.c.obj)
                0x0000000030003a20                arch_dcache_enable
 .text.arch_icache_enable
                0x0000000030003a7c       0x34 zephyr/arch/arch/arm/core/cortex_m/libarch__arm__core__cortex_m.a(cache.c.obj)
                0x0000000030003a7c                arch_icache_enable
 .text.z_arm_configure_static_mpu_regions
                0x0000000030003ab0       0x18 zephyr/arch/arch/arm/core/mpu/libarch__arm__core__mpu.a(arm_core_mpu.c.obj)
                0x0000000030003ab0                z_arm_configure_static_mpu_regions
 .text.z_arm_configure_dynamic_mpu_regions
                0x0000000030003ac8       0x20 zephyr/arch/arch/arm/core/mpu/libarch__arm__core__mpu.a(arm_core_mpu.c.obj)
                0x0000000030003ac8                z_arm_configure_dynamic_mpu_regions
 .text.region_init
                0x0000000030003ae8       0x28 zephyr/arch/arch/arm/core/mpu/libarch__arm__core__mpu.a(arm_mpu.c.obj)
 .text.mpu_configure_regions
                0x0000000030003b10       0x6c zephyr/arch/arch/arm/core/mpu/libarch__arm__core__mpu.a(arm_mpu.c.obj)
 .text.arm_core_mpu_enable
                0x0000000030003b7c       0x18 zephyr/arch/arch/arm/core/mpu/libarch__arm__core__mpu.a(arm_mpu.c.obj)
                0x0000000030003b7c                arm_core_mpu_enable
 .text.arm_core_mpu_disable
                0x0000000030003b94       0x14 zephyr/arch/arch/arm/core/mpu/libarch__arm__core__mpu.a(arm_mpu.c.obj)
                0x0000000030003b94                arm_core_mpu_disable
 .text.arm_core_mpu_configure_static_mpu_regions
                0x0000000030003ba8       0x14 zephyr/arch/arch/arm/core/mpu/libarch__arm__core__mpu.a(arm_mpu.c.obj)
                0x0000000030003ba8                arm_core_mpu_configure_static_mpu_regions
 .text.arm_core_mpu_configure_dynamic_mpu_regions
                0x0000000030003bbc       0x38 zephyr/arch/arch/arm/core/mpu/libarch__arm__core__mpu.a(arm_mpu.c.obj)
                0x0000000030003bbc                arm_core_mpu_configure_dynamic_mpu_regions
 .text.z_arm_mpu_init
                0x0000000030003bf4      0x188 zephyr/arch/arch/arm/core/mpu/libarch__arm__core__mpu.a(arm_mpu.c.obj)
                0x0000000030003bf4                z_arm_mpu_init
 .text.z_impl_zephyr_fputc
                0x0000000030003d7c       0x10 zephyr/lib/libc/picolibc/liblib__libc__picolibc.a(stdio.c.obj)
                0x0000000030003d7c                z_impl_zephyr_fputc
 .text.__stdout_hook_install
                0x0000000030003d8c       0x18 zephyr/lib/libc/picolibc/liblib__libc__picolibc.a(stdio.c.obj)
                0x0000000030003d8c                __stdout_hook_install
 .text.malloc_prepare
                0x0000000030003da4       0x20 zephyr/lib/libc/common/liblib__libc__common.a(malloc.c.obj)
 .text.mcux_ccm_get_subsys_rate
                0x0000000030003dc4       0x4c zephyr/drivers/clock_control/libdrivers__clock_control.a(clock_control_mcux_ccm_rev2.c.obj)
 .text.uart_console_init
                0x0000000030003e10       0x28 zephyr/drivers/console/libdrivers__console.a(uart_console.c.obj)
 .text.console_out
                0x0000000030003e38       0x28 zephyr/drivers/console/libdrivers__console.a(uart_console.c.obj)
 .text.CLOCK_ControlGate.constprop.0
                0x0000000030003e60       0x28 zephyr/drivers/pinctrl/libdrivers__pinctrl.a(pinctrl_imx.c.obj)
 .text.elapsed  0x0000000030003e88       0x4c zephyr/drivers/timer/libdrivers__timer.a(cortex_m_systick.c.obj)
 .text.sys_clock_driver_init
                0x0000000030003ed4       0x34 zephyr/drivers/timer/libdrivers__timer.a(cortex_m_systick.c.obj)
 .text.sys_clock_isr
                0x0000000030003f08       0x60 zephyr/drivers/timer/libdrivers__timer.a(cortex_m_systick.c.obj)
                0x0000000030003f08                sys_clock_isr
 .text.sys_clock_set_timeout
                0x0000000030003f68       0xfc zephyr/drivers/timer/libdrivers__timer.a(cortex_m_systick.c.obj)
                0x0000000030003f68                sys_clock_set_timeout
 .text.sys_clock_elapsed
                0x0000000030004064       0x3c zephyr/drivers/timer/libdrivers__timer.a(cortex_m_systick.c.obj)
                0x0000000030004064                sys_clock_elapsed
 .text.SDK_DelayAtLeastUs
                0x00000000300040a0       0x24 modules/hal_nxp/libmodules__hal_nxp.a(fsl_common_arm.c.obj)
                0x00000000300040a0                SDK_DelayAtLeastUs
 .text.CLOCK_ControlGate
                0x00000000300040c4       0x34 modules/hal_nxp/libmodules__hal_nxp.a(fsl_lpuart.c.obj)
 .text.LPUART_GetInstance
                0x00000000300040f8       0x1c modules/hal_nxp/libmodules__hal_nxp.a(fsl_lpuart.c.obj)
                0x00000000300040f8                LPUART_GetInstance
 .text.LPUART_Init
                0x0000000030004114      0x1dc modules/hal_nxp/libmodules__hal_nxp.a(fsl_lpuart.c.obj)
                0x0000000030004114                LPUART_Init
 .text.LPUART_Deinit
                0x00000000300042f0       0x38 modules/hal_nxp/libmodules__hal_nxp.a(fsl_lpuart.c.obj)
                0x00000000300042f0                LPUART_Deinit
 .text.LPUART_GetStatusFlags
                0x0000000030004328       0x18 modules/hal_nxp/libmodules__hal_nxp.a(fsl_lpuart.c.obj)
                0x0000000030004328                LPUART_GetStatusFlags
 .text.LPUART_ClearStatusFlags
                0x0000000030004340       0x3c modules/hal_nxp/libmodules__hal_nxp.a(fsl_lpuart.c.obj)
                0x0000000030004340                LPUART_ClearStatusFlags
 .text.SystemInit
                0x000000003000437c      0x104 modules/hal_nxp/libmodules__hal_nxp.a(system_MIMXRT1176_cm7.c.obj)
                0x000000003000437c                SystemInit
 .text.CLOCK_GetPllFreq.part.0
                0x0000000030004480       0x30 modules/hal_nxp/libmodules__hal_nxp.a(fsl_clock.c.obj)
 .text.ANATOP_PllToggleHoldRingOff.constprop.0
                0x00000000300044b0       0x2c modules/hal_nxp/libmodules__hal_nxp.a(fsl_clock.c.obj)
 .text.ANATOP_PllConfigure
                0x00000000300044dc       0xa4 modules/hal_nxp/libmodules__hal_nxp.a(fsl_clock.c.obj)
 .text.CLOCK_InitArmPll
                0x0000000030004580       0xe0 modules/hal_nxp/libmodules__hal_nxp.a(fsl_clock.c.obj)
                0x0000000030004580                CLOCK_InitArmPll
 .text.CLOCK_InitSysPll2
                0x0000000030004660      0x138 modules/hal_nxp/libmodules__hal_nxp.a(fsl_clock.c.obj)
                0x0000000030004660                CLOCK_InitSysPll2
 .text.CLOCK_InitPfd
                0x0000000030004798       0xa8 modules/hal_nxp/libmodules__hal_nxp.a(fsl_clock.c.obj)
                0x0000000030004798                CLOCK_InitPfd
 .text.CLOCK_GetPfdFreq
                0x0000000030004840       0x4c modules/hal_nxp/libmodules__hal_nxp.a(fsl_clock.c.obj)
                0x0000000030004840                CLOCK_GetPfdFreq
 .text.CLOCK_InitSysPll3
                0x000000003000488c       0xa8 modules/hal_nxp/libmodules__hal_nxp.a(fsl_clock.c.obj)
                0x000000003000488c                CLOCK_InitSysPll3
 .text.CLOCK_SetPllBypass
                0x0000000030004934       0x6c modules/hal_nxp/libmodules__hal_nxp.a(fsl_clock.c.obj)
                0x0000000030004934                CLOCK_SetPllBypass
 .text.CLOCK_InitVideoPll
                0x00000000300049a0       0xbc modules/hal_nxp/libmodules__hal_nxp.a(fsl_clock.c.obj)
                0x00000000300049a0                CLOCK_InitVideoPll
 .text.CLOCK_DeinitSysPll1
                0x0000000030004a5c       0x64 modules/hal_nxp/libmodules__hal_nxp.a(fsl_clock.c.obj)
                0x0000000030004a5c                CLOCK_DeinitSysPll1
 .text.CLOCK_GetFreq
                0x0000000030004ac0       0xe4 modules/hal_nxp/libmodules__hal_nxp.a(fsl_clock.c.obj)
                0x0000000030004ac0                CLOCK_GetFreq
 .text.CLOCK_OSC_EnableOscRc400M
                0x0000000030004ba4       0x18 modules/hal_nxp/libmodules__hal_nxp.a(fsl_clock.c.obj)
                0x0000000030004ba4                CLOCK_OSC_EnableOscRc400M
 .text.ANATOP_AI_Access
                0x0000000030004bbc      0x32c modules/hal_nxp/libmodules__hal_nxp.a(fsl_anatop_ai.c.obj)
                0x0000000030004bbc                ANATOP_AI_Access
 .text.PMU_StaticEnablePllLdo
                0x0000000030004ee8       0x4c modules/hal_nxp/libmodules__hal_nxp.a(fsl_pmu.c.obj)
                0x0000000030004ee8                PMU_StaticEnablePllLdo
 .text.PMU_StaticEnableLpsrAnaLdoBypassMode
                0x0000000030004f34       0x8c modules/hal_nxp/libmodules__hal_nxp.a(fsl_pmu.c.obj)
                0x0000000030004f34                PMU_StaticEnableLpsrAnaLdoBypassMode
 .text.PMU_StaticLpsrAnaLdoInit
                0x0000000030004fc0       0x40 modules/hal_nxp/libmodules__hal_nxp.a(fsl_pmu.c.obj)
                0x0000000030004fc0                PMU_StaticLpsrAnaLdoInit
 .text.PMU_StaticEnableLpsrDigLdoBypassMode
                0x0000000030005000       0x78 modules/hal_nxp/libmodules__hal_nxp.a(fsl_pmu.c.obj)
                0x0000000030005000                PMU_StaticEnableLpsrDigLdoBypassMode
 .text.PMU_StaticLpsrDigLdoInit
                0x0000000030005078       0x58 modules/hal_nxp/libmodules__hal_nxp.a(fsl_pmu.c.obj)
                0x0000000030005078                PMU_StaticLpsrDigLdoInit
 .text.PMU_EnableBodyBias
                0x00000000300050d0       0xac modules/hal_nxp/libmodules__hal_nxp.a(fsl_pmu.c.obj)
                0x00000000300050d0                PMU_EnableBodyBias
 .text.z_fatal_error
                0x000000003000517c       0x30 zephyr/kernel/libkernel.a(fatal.c.obj)
                0x000000003000517c                z_fatal_error
 .text.z_sys_init_run_level
                0x00000000300051ac       0x30 zephyr/kernel/libkernel.a(init.c.obj)
 .text.bg_thread_main
                0x00000000300051dc       0xc0 zephyr/kernel/libkernel.a(init.c.obj)
 .text.z_init_cpu
                0x000000003000529c       0x70 zephyr/kernel/libkernel.a(init.c.obj)
                0x000000003000529c                z_init_cpu
 .text.z_cstart
                0x000000003000530c       0xc0 zephyr/kernel/libkernel.a(init.c.obj)
                0x000000003000530c                z_cstart
 .text.z_setup_new_thread
                0x00000000300053cc       0x9c zephyr/kernel/libkernel.a(thread.c.obj)
                0x00000000300053cc                z_setup_new_thread
 .text.z_dummy_thread_init
                0x0000000030005468       0x18 zephyr/kernel/libkernel.a(thread.c.obj)
                0x0000000030005468                z_dummy_thread_init
 .text.z_swap_irqlock
                0x0000000030005480       0x30 zephyr/kernel/libkernel.a(sched.c.obj)
 .text.ready_thread
                0x00000000300054b0       0x84 zephyr/kernel/libkernel.a(sched.c.obj)
 .text.unready_thread
                0x0000000030005534       0x54 zephyr/kernel/libkernel.a(sched.c.obj)
 .text.move_current_to_end_of_prio_q
                0x0000000030005588       0x70 zephyr/kernel/libkernel.a(sched.c.obj)
                0x0000000030005588                move_current_to_end_of_prio_q
 .text.z_reschedule
                0x00000000300055f8       0x24 zephyr/kernel/libkernel.a(sched.c.obj)
                0x00000000300055f8                z_reschedule
 .text.z_reschedule_irqlock
                0x000000003000561c       0x28 zephyr/kernel/libkernel.a(sched.c.obj)
                0x000000003000561c                z_reschedule_irqlock
 .text.k_sched_lock
                0x0000000030005644       0x28 zephyr/kernel/libkernel.a(sched.c.obj)
                0x0000000030005644                k_sched_lock
 .text.k_sched_unlock
                0x000000003000566c       0x68 zephyr/kernel/libkernel.a(sched.c.obj)
                0x000000003000566c                k_sched_unlock
 .text.z_sched_init
                0x00000000300056d4       0x10 zephyr/kernel/libkernel.a(sched.c.obj)
                0x00000000300056d4                z_sched_init
 .text.z_impl_k_yield
                0x00000000300056e4       0x88 zephyr/kernel/libkernel.a(sched.c.obj)
                0x00000000300056e4                z_impl_k_yield
 .text.z_tick_sleep
                0x000000003000576c       0x78 zephyr/kernel/libkernel.a(sched.c.obj)
 .text.z_impl_k_wakeup
                0x00000000300057e4       0x48 zephyr/kernel/libkernel.a(sched.c.obj)
                0x00000000300057e4                z_impl_k_wakeup
 .text.z_impl_k_sched_current_thread_query
                0x000000003000582c        0xc zephyr/kernel/libkernel.a(sched.c.obj)
                0x000000003000582c                z_impl_k_sched_current_thread_query
 .text.z_thread_abort
                0x0000000030005838      0x140 zephyr/kernel/libkernel.a(sched.c.obj)
                0x0000000030005838                z_thread_abort
 .text.z_time_slice_size
                0x0000000030005978       0x40 zephyr/kernel/libkernel.a(timeslicing.c.obj)
 .text.slice_timeout
                0x00000000300059b8       0x20 zephyr/kernel/libkernel.a(timeslicing.c.obj)
 .text.z_reset_time_slice
                0x00000000300059d8       0x48 zephyr/kernel/libkernel.a(timeslicing.c.obj)
                0x00000000300059d8                z_reset_time_slice
 .text.z_time_slice
                0x0000000030005a20       0x5c zephyr/kernel/libkernel.a(timeslicing.c.obj)
                0x0000000030005a20                z_time_slice
 .text.first    0x0000000030005a7c       0x10 zephyr/kernel/libkernel.a(timeout.c.obj)
 .text.elapsed  0x0000000030005a8c       0x14 zephyr/kernel/libkernel.a(timeout.c.obj)
 .text.remove_timeout
                0x0000000030005aa0       0x38 zephyr/kernel/libkernel.a(timeout.c.obj)
 .text.z_add_timeout
                0x0000000030005ad8      0x120 zephyr/kernel/libkernel.a(timeout.c.obj)
                0x0000000030005ad8                z_add_timeout
 .text.sys_clock_announce
                0x0000000030005bf8       0xc0 zephyr/kernel/libkernel.a(timeout.c.obj)
                0x0000000030005bf8                sys_clock_announce
 .text.sys_clock_tick_get
                0x0000000030005cb8       0x30 zephyr/kernel/libkernel.a(timeout.c.obj)
                0x0000000030005cb8                sys_clock_tick_get
 .text.boot_banner
                0x0000000030005ce8        0xc zephyr/kernel/libkernel.a(banner.c.obj)
                0x0000000030005ce8                boot_banner
 .text.printf   0x0000000030005cf4       0x24 c:\users\omnitek\zephyr-sdk-0.17.4\arm-zephyr-eabi\bin\../lib/gcc/../../picolibc/arm-zephyr-eabi/lib/thumb/v7e-m/nofp\libc.a(libc_tinystdio_printf.c.o)
                0x0000000030005cf4                printf
 .text.__l_vfprintf
                0x0000000030005d18      0x4b8 c:\users\omnitek\zephyr-sdk-0.17.4\arm-zephyr-eabi\bin\../lib/gcc/../../picolibc/arm-zephyr-eabi/lib/thumb/v7e-m/nofp\libc.a(libc_tinystdio_vflprintf.c.o)
                0x0000000030005d18                __l_vfprintf
 .text._OffsetAbsSyms
                0x00000000300061d0        0x2 zephyr/CMakeFiles/offsets.dir/./arch/arm/core/offsets/offsets.c.obj
                0x00000000300061d0                _OffsetAbsSyms
 .text.gpio_pin_configure_dt.constprop.0
                0x00000000300061d2       0x36 app/libapp.a(main.c.obj)
 .text.chunk_field
                0x0000000030006208       0x16 zephyr/libzephyr.a(heap.c.obj)
 .text.chunk_set
                0x000000003000621e       0x16 zephyr/libzephyr.a(heap.c.obj)
 .text.chunk_size
                0x0000000030006234        0xc zephyr/libzephyr.a(heap.c.obj)
 .text.set_chunk_used
                0x0000000030006240       0x30 zephyr/libzephyr.a(heap.c.obj)
 .text.set_chunk_size
                0x0000000030006270        0x8 zephyr/libzephyr.a(heap.c.obj)
 .text.bucket_idx
                0x0000000030006278       0x1e zephyr/libzephyr.a(heap.c.obj)
 .text.free_list_add
                0x0000000030006296       0x84 zephyr/libzephyr.a(heap.c.obj)
 .text.sys_heap_init
                0x000000003000631a       0xb0 zephyr/libzephyr.a(heap.c.obj)
                0x000000003000631a                sys_heap_init
 .text.arch_printk_char_out
                0x00000000300063ca        0x4 zephyr/libzephyr.a(printk.c.obj)
                0x00000000300063ca                arch_printk_char_out
 .text.printk   0x00000000300063ce       0x1a zephyr/libzephyr.a(printk.c.obj)
                0x00000000300063ce                printk
 .text._ConfigAbsSyms
                0x00000000300063e8        0x2 zephyr/libzephyr.a(configs.c.obj)
                0x00000000300063e8                _ConfigAbsSyms
 .text.imxrt_init
                0x00000000300063ea       0x12 zephyr/libzephyr.a(soc.c.obj)
 .text._soc_reset_hook
                0x00000000300063fc        0x4 zephyr/libzephyr.a(soc.c.obj)
                0x00000000300063fc                _soc_reset_hook
 .text.arch_early_memset
                0x0000000030006400        0x4 zephyr/arch/common/libarch__common.a(init.c.obj)
                0x0000000030006400                arch_early_memset
 .text.arch_early_memcpy
                0x0000000030006404        0x4 zephyr/arch/common/libarch__common.a(init.c.obj)
                0x0000000030006404                arch_early_memcpy
 .text.z_do_kernel_oops
                0x0000000030006408        0x8 zephyr/arch/arch/arm/core/libarch__arm__core.a(fatal.c.obj)
                0x0000000030006408                z_do_kernel_oops
 .text.z_arm_nmi
                0x0000000030006410        0xe zephyr/arch/arch/arm/core/libarch__arm__core.a(nmi.c.obj)
                0x0000000030006410                z_arm_nmi
 .text.z_irq_spurious
                0x000000003000641e        0x8 zephyr/arch/arch/arm/core/cortex_m/libarch__arm__core__cortex_m.a(irq_manage.c.obj)
                0x000000003000641e                z_irq_spurious
 .text.arch_coprocessors_disable
                0x0000000030006426        0x6 zephyr/arch/arch/arm/core/cortex_m/libarch__arm__core__cortex_m.a(thread.c.obj)
                0x0000000030006426                arch_coprocessors_disable
 .text.arch_irq_unlock_outlined
                0x000000003000642c        0xe zephyr/arch/arch/arm/core/cortex_m/libarch__arm__core__cortex_m.a(thread.c.obj)
                0x000000003000642c                arch_irq_unlock_outlined
 .text.arch_cpu_idle
                0x000000003000643a       0x1a zephyr/arch/arch/arm/core/cortex_m/libarch__arm__core__cortex_m.a(cpu_idle.c.obj)
                0x000000003000643a                arch_cpu_idle
 .text.arch_cache_init
                0x0000000030006454        0x2 zephyr/arch/arch/arm/core/cortex_m/libarch__arm__core__cortex_m.a(cache.c.obj)
                0x0000000030006454                arch_cache_init
 .text.size_to_mpu_rasr_size
                0x0000000030006456       0x20 zephyr/arch/arch/arm/core/mpu/libarch__arm__core__mpu.a(arm_mpu.c.obj)
 .text.picolibc_put
                0x0000000030006476        0xa zephyr/lib/libc/picolibc/liblib__libc__picolibc.a(stdio.c.obj)
 .text.nxp_flexram_init
                0x0000000030006480        0x4 zephyr/drivers/misc/nxp_flexram/libdrivers__misc__nxp_flexram.a(nxp_flexram.c.obj)
 .text.mcux_ccm_on
                0x0000000030006484        0x4 zephyr/drivers/clock_control/libdrivers__clock_control.a(clock_control_mcux_ccm_rev2.c.obj)
 .text.mcux_ccm_set_subsys_rate
                0x0000000030006488        0x6 zephyr/drivers/clock_control/libdrivers__clock_control.a(clock_control_mcux_ccm_rev2.c.obj)
 .text.mcux_ccm_off
                0x000000003000648e        0x4 zephyr/drivers/clock_control/libdrivers__clock_control.a(clock_control_mcux_ccm_rev2.c.obj)
 .text.mcux_igpio_port_get_raw
                0x0000000030006492        0xc zephyr/drivers/gpio/libdrivers__gpio.a(gpio_mcux_igpio.c.obj)
 .text.mcux_igpio_port_set_masked_raw
                0x000000003000649e       0x12 zephyr/drivers/gpio/libdrivers__gpio.a(gpio_mcux_igpio.c.obj)
 .text.mcux_igpio_port_set_bits_raw
                0x00000000300064b0        0xc zephyr/drivers/gpio/libdrivers__gpio.a(gpio_mcux_igpio.c.obj)
 .text.mcux_igpio_port_clear_bits_raw
                0x00000000300064bc        0xc zephyr/drivers/gpio/libdrivers__gpio.a(gpio_mcux_igpio.c.obj)
 .text.mcux_igpio_port_toggle_bits
                0x00000000300064c8        0xc zephyr/drivers/gpio/libdrivers__gpio.a(gpio_mcux_igpio.c.obj)
 .text.mcux_igpio_pin_interrupt_configure
                0x00000000300064d4       0xd6 zephyr/drivers/gpio/libdrivers__gpio.a(gpio_mcux_igpio.c.obj)
 .text.mcux_igpio_manage_callback
                0x00000000300065aa       0x52 zephyr/drivers/gpio/libdrivers__gpio.a(gpio_mcux_igpio.c.obj)
 .text.mcux_igpio_4_init
                0x00000000300065fc        0x4 zephyr/drivers/gpio/libdrivers__gpio.a(gpio_mcux_igpio.c.obj)
 .text.mcux_igpio_configure
                0x0000000030006600      0x140 zephyr/drivers/gpio/libdrivers__gpio.a(gpio_mcux_igpio.c.obj)
 .text.mcux_igpio_0_init
                0x0000000030006740       0x26 zephyr/drivers/gpio/libdrivers__gpio.a(gpio_mcux_igpio.c.obj)
 .text.mcux_igpio_1_init
                0x0000000030006766       0x26 zephyr/drivers/gpio/libdrivers__gpio.a(gpio_mcux_igpio.c.obj)
 .text.mcux_igpio_2_init
                0x000000003000678c       0x26 zephyr/drivers/gpio/libdrivers__gpio.a(gpio_mcux_igpio.c.obj)
 .text.mcux_igpio_3_init
                0x00000000300067b2       0x26 zephyr/drivers/gpio/libdrivers__gpio.a(gpio_mcux_igpio.c.obj)
 .text.mcux_igpio_10_init
                0x00000000300067d8       0x16 zephyr/drivers/gpio/libdrivers__gpio.a(gpio_mcux_igpio.c.obj)
 .text.mcux_igpio_11_init
                0x00000000300067ee       0x26 zephyr/drivers/gpio/libdrivers__gpio.a(gpio_mcux_igpio.c.obj)
 .text.mcux_igpio_12_init
                0x0000000030006814       0x26 zephyr/drivers/gpio/libdrivers__gpio.a(gpio_mcux_igpio.c.obj)
 .text.mcux_igpio_13_init
                0x000000003000683a       0x16 zephyr/drivers/gpio/libdrivers__gpio.a(gpio_mcux_igpio.c.obj)
 .text.mcux_igpio_9_init
                0x0000000030006850        0x4 zephyr/drivers/gpio/libdrivers__gpio.a(gpio_mcux_igpio.c.obj)
 .text.mcux_igpio_port_isr
                0x0000000030006854       0x32 zephyr/drivers/gpio/libdrivers__gpio.a(gpio_mcux_igpio.c.obj)
 .text.mcux_igpio_14_init
                0x0000000030006886        0x4 zephyr/drivers/gpio/libdrivers__gpio.a(gpio_mcux_igpio.c.obj)
 .text.mcux_igpio_5_init
                0x000000003000688a        0x4 zephyr/drivers/gpio/libdrivers__gpio.a(gpio_mcux_igpio.c.obj)
 .text.mcux_igpio_6_init
                0x000000003000688e        0x4 zephyr/drivers/gpio/libdrivers__gpio.a(gpio_mcux_igpio.c.obj)
 .text.mcux_igpio_7_init
                0x0000000030006892        0x4 zephyr/drivers/gpio/libdrivers__gpio.a(gpio_mcux_igpio.c.obj)
 .text.mcux_igpio_8_init
                0x0000000030006896        0x4 zephyr/drivers/gpio/libdrivers__gpio.a(gpio_mcux_igpio.c.obj)
 .text.pinctrl_lookup_state
                0x000000003000689a       0x26 zephyr/drivers/pinctrl/libdrivers__pinctrl.a(common.c.obj)
                0x000000003000689a                pinctrl_lookup_state
 .text.imx_pinctrl_init
                0x00000000300068c0       0x12 zephyr/drivers/pinctrl/libdrivers__pinctrl.a(pinctrl_imx.c.obj)
 .text.pinctrl_configure_pins
                0x00000000300068d2       0x8a zephyr/drivers/pinctrl/libdrivers__pinctrl.a(pinctrl_imx.c.obj)
                0x00000000300068d2                pinctrl_configure_pins
 .text.mcux_lpuart_config_get
                0x000000003000695c       0x10 zephyr/drivers/serial/libdrivers__serial.a(uart_mcux_lpuart.c.obj)
 .text.mcux_lpuart_poll_out
                0x000000003000696c       0x2c zephyr/drivers/serial/libdrivers__serial.a(uart_mcux_lpuart.c.obj)
 .text.mcux_lpuart_poll_in
                0x0000000030006998       0x40 zephyr/drivers/serial/libdrivers__serial.a(uart_mcux_lpuart.c.obj)
 .text.mcux_lpuart_err_check
                0x00000000300069d8       0x34 zephyr/drivers/serial/libdrivers__serial.a(uart_mcux_lpuart.c.obj)
 .text.pinctrl_apply_state
                0x0000000030006a0c       0x1e zephyr/drivers/serial/libdrivers__serial.a(uart_mcux_lpuart.c.obj)
 .text.mcux_lpuart_config_pinctrl.isra.0
                0x0000000030006a2a       0x20 zephyr/drivers/serial/libdrivers__serial.a(uart_mcux_lpuart.c.obj)
 .text.mcux_lpuart_configure_init
                0x0000000030006a4a      0x172 zephyr/drivers/serial/libdrivers__serial.a(uart_mcux_lpuart.c.obj)
 .text.mcux_lpuart_init
                0x0000000030006bbc       0x2e zephyr/drivers/serial/libdrivers__serial.a(uart_mcux_lpuart.c.obj)
 .text.mcux_lpuart_configure
                0x0000000030006bea       0x30 zephyr/drivers/serial/libdrivers__serial.a(uart_mcux_lpuart.c.obj)
 .text.GPIO_PinWrite
                0x0000000030006c1a       0x14 modules/hal_nxp/libmodules__hal_nxp.a(fsl_gpio.c.obj)
                0x0000000030006c1a                GPIO_PinWrite
 .text.LPUART_GetDefaultConfig
                0x0000000030006c2e       0x16 modules/hal_nxp/libmodules__hal_nxp.a(fsl_lpuart.c.obj)
                0x0000000030006c2e                LPUART_GetDefaultConfig
 .text.SystemInitHook
                0x0000000030006c44        0x2 modules/hal_nxp/libmodules__hal_nxp.a(system_MIMXRT1176_cm7.c.obj)
                0x0000000030006c44                SystemInitHook
 .text.ANATOP_PllBypass
                0x0000000030006c46       0x10 modules/hal_nxp/libmodules__hal_nxp.a(fsl_clock.c.obj)
 .text.ANATOP_PllEnableClk
                0x0000000030006c56       0x10 modules/hal_nxp/libmodules__hal_nxp.a(fsl_clock.c.obj)
 .text.CLOCK_OSC_Set1MHzOutputBehavior
                0x0000000030006c66       0x2c modules/hal_nxp/libmodules__hal_nxp.a(fsl_clock.c.obj)
                0x0000000030006c66                CLOCK_OSC_Set1MHzOutputBehavior
 .text.ANATOP_AI_Write
                0x0000000030006c92        0xa modules/hal_nxp/libmodules__hal_nxp.a(fsl_anatop_ai.c.obj)
                0x0000000030006c92                ANATOP_AI_Write
 .text.ANATOP_AI_Read
                0x0000000030006c9c        0xa modules/hal_nxp/libmodules__hal_nxp.a(fsl_anatop_ai.c.obj)
                0x0000000030006c9c                ANATOP_AI_Read
 .text.ANATOP_AI_WriteWithMaskShift
                0x0000000030006ca6       0x2c modules/hal_nxp/libmodules__hal_nxp.a(fsl_anatop_ai.c.obj)
                0x0000000030006ca6                ANATOP_AI_WriteWithMaskShift
 .text.PMU_StaticGetLpsrAnaLdoDefaultConfig
                0x0000000030006cd2       0x10 modules/hal_nxp/libmodules__hal_nxp.a(fsl_pmu.c.obj)
                0x0000000030006cd2                PMU_StaticGetLpsrAnaLdoDefaultConfig
 .text.PMU_StaticGetLpsrDigLdoDefaultConfig
                0x0000000030006ce2        0xe modules/hal_nxp/libmodules__hal_nxp.a(fsl_pmu.c.obj)
                0x0000000030006ce2                PMU_StaticGetLpsrDigLdoDefaultConfig
 .text.do_device_init
                0x0000000030006cf0       0x30 zephyr/kernel/libkernel.a(device.c.obj)
                0x0000000030006cf0                do_device_init
 .text.z_impl_device_is_ready
                0x0000000030006d20       0x16 zephyr/kernel/libkernel.a(device.c.obj)
                0x0000000030006d20                z_impl_device_is_ready
 .text.arch_system_halt
                0x0000000030006d36       0x10 zephyr/kernel/libkernel.a(fatal.c.obj)
                0x0000000030006d36                arch_system_halt
 .text.k_sys_fatal_error_handler
                0x0000000030006d46        0x6 zephyr/kernel/libkernel.a(fatal.c.obj)
                0x0000000030006d46                k_sys_fatal_error_handler
 .text.idle     0x0000000030006d4c       0x16 zephyr/kernel/libkernel.a(idle.c.obj)
                0x0000000030006d4c                idle
 .text.sys_dlist_remove
                0x0000000030006d62       0x10 zephyr/kernel/libkernel.a(sched.c.obj)
 .text.unpend_thread_no_timeout
                0x0000000030006d72       0x14 zephyr/kernel/libkernel.a(sched.c.obj)
 .text.z_ready_thread
                0x0000000030006d86       0x1e zephyr/kernel/libkernel.a(sched.c.obj)
                0x0000000030006d86                z_ready_thread
 .text.z_sched_wake_thread
                0x0000000030006da4       0x3a zephyr/kernel/libkernel.a(sched.c.obj)
                0x0000000030006da4                z_sched_wake_thread
 .text.z_thread_timeout
                0x0000000030006dde        0x8 zephyr/kernel/libkernel.a(sched.c.obj)
                0x0000000030006dde                z_thread_timeout
 .text.z_impl_k_sleep
                0x0000000030006de6       0x42 zephyr/kernel/libkernel.a(sched.c.obj)
                0x0000000030006de6                z_impl_k_sleep
 .text.next_timeout
                0x0000000030006e28       0x2e zephyr/kernel/libkernel.a(timeout.c.obj)
 .text.z_abort_timeout
                0x0000000030006e56       0x50 zephyr/kernel/libkernel.a(timeout.c.obj)
                0x0000000030006e56                z_abort_timeout
 .text.sys_clock_tick_get_32
                0x0000000030006ea6        0x8 zephyr/kernel/libkernel.a(timeout.c.obj)
                0x0000000030006ea6                sys_clock_tick_get_32
 .text.memcpy   0x0000000030006eae       0x1c c:\users\omnitek\zephyr-sdk-0.17.4\arm-zephyr-eabi\bin\../lib/gcc/../../picolibc/arm-zephyr-eabi/lib/thumb/v7e-m/nofp\libc.a(memcpy.c.o)
                0x0000000030006eae                __aeabi_memcpy
                0x0000000030006eae                __aeabi_memcpy4
                0x0000000030006eae                __aeabi_memcpy8
                0x0000000030006eae                memcpy
 .text.memset   0x0000000030006eca       0x10 c:\users\omnitek\zephyr-sdk-0.17.4\arm-zephyr-eabi\bin\../lib/gcc/../../picolibc/arm-zephyr-eabi/lib/thumb/v7e-m/nofp\libc.a(memset.c.o)
                0x0000000030006eca                memset
 .text.strnlen  0x0000000030006eda       0x18 c:\users\omnitek\zephyr-sdk-0.17.4\arm-zephyr-eabi\bin\../lib/gcc/../../picolibc/arm-zephyr-eabi/lib/thumb/v7e-m/nofp\libc.a(libc_string_strnlen.c.o)
                0x0000000030006eda                strnlen
 .text.__ultoa_invert
                0x0000000030006ef2       0xae c:\users\omnitek\zephyr-sdk-0.17.4\arm-zephyr-eabi\bin\../lib/gcc/../../picolibc/arm-zephyr-eabi/lib/thumb/v7e-m/nofp\libc.a(libc_tinystdio_vflprintf.c.o)
 *(SORT_BY_ALIGNMENT(.TEXT.*))
 .TEXT.__aeabi_read_tp
                0x0000000030006fa0        0xc zephyr/arch/arch/arm/core/cortex_m/libarch__arm__core__cortex_m.a(__aeabi_read_tp.S.obj)
                0x0000000030006fa0                __aeabi_read_tp
 *(SORT_BY_ALIGNMENT(.gnu.linkonce.t.*))
 *(SORT_BY_ALIGNMENT(.glue_7t))
 .glue_7t       0x0000000030006fac        0x0 linker stubs
 *(SORT_BY_ALIGNMENT(.glue_7))
 .glue_7        0x0000000030006fac        0x0 linker stubs
 *(SORT_BY_ALIGNMENT(.vfp11_veneer))
 .vfp11_veneer  0x0000000030006fac        0x0 linker stubs
 *(SORT_BY_ALIGNMENT(.v4_bx))
 .v4_bx         0x0000000030006fac        0x0 linker stubs
                0x0000000030006fac                . = ALIGN (0x4)
                0x0000000030006fac                __text_region_end = .

.ARM.exidx      0x0000000030006fac        0x8
                0x0000000030006fac                __exidx_start = .
 *(SORT_BY_ALIGNMENT(.ARM.exidx*) SORT_BY_ALIGNMENT(gnu.linkonce.armexidx.*))
 .ARM.exidx     0x0000000030006fac        0x8 c:/users/omnitek/zephyr-sdk-0.17.4/arm-zephyr-eabi/bin/../lib/gcc/arm-zephyr-eabi/12.2.0/thumb/v7e-m/nofp\libgcc.a(_udivmoddi4.o)
                0x0000000030006fb4                __exidx_end = .
                0x0000000030006fb4                __rodata_region_start = .

initlevel       0x0000000030006fb4       0xb8
                0x0000000030006fb4                __init_start = .
                0x0000000030006fb4                __init_EARLY_start = .
 *(SORT_BY_NAME(SORT_BY_ALIGNMENT(.z_init_EARLY_P_?_*)))
 .z_init_EARLY_P_0_SUB_0_
                0x0000000030006fb4        0x8 zephyr/drivers/misc/nxp_flexram/libdrivers__misc__nxp_flexram.a(nxp_flexram.c.obj)
 *(SORT_BY_NAME(SORT_BY_ALIGNMENT(.z_init_EARLY_P_??_*)))
 *(SORT_BY_NAME(SORT_BY_ALIGNMENT(.z_init_EARLY_P_???_*)))
                0x0000000030006fbc                __init_PRE_KERNEL_1_start = .
 *(SORT_BY_NAME(SORT_BY_ALIGNMENT(.z_init_PRE_KERNEL_1_P_?_*)))
 .z_init_PRE_KERNEL_1_P_0_SUB_0_
                0x0000000030006fbc        0x8 zephyr/libzephyr.a(soc.c.obj)
 .z_init_PRE_KERNEL_1_P_0_SUB_0_
                0x0000000030006fc4        0x8 zephyr/drivers/pinctrl/libdrivers__pinctrl.a(pinctrl_imx.c.obj)
 *(SORT_BY_NAME(SORT_BY_ALIGNMENT(.z_init_PRE_KERNEL_1_P_??_*)))
 .z_init_PRE_KERNEL_1_P_30_SUB_00008_
                0x0000000030006fcc        0x8 zephyr/drivers/clock_control/libdrivers__clock_control.a(clock_control_mcux_ccm_rev2.c.obj)
 .z_init_PRE_KERNEL_1_P_50_SUB_00546_
                0x0000000030006fd4        0x8 zephyr/drivers/serial/libdrivers__serial.a(uart_mcux_lpuart.c.obj)
 .z_init_PRE_KERNEL_1_P_60_SUB_0_
                0x0000000030006fdc        0x8 zephyr/drivers/console/libdrivers__console.a(uart_console.c.obj)
 *(SORT_BY_NAME(SORT_BY_ALIGNMENT(.z_init_PRE_KERNEL_1_P_???_*)))
                0x0000000030006fe4                __init_PRE_KERNEL_2_start = .
 *(SORT_BY_NAME(SORT_BY_ALIGNMENT(.z_init_PRE_KERNEL_2_P_?_*)))
 .z_init_PRE_KERNEL_2_P_0_SUB_0_
                0x0000000030006fe4        0x8 zephyr/drivers/timer/libdrivers__timer.a(cortex_m_systick.c.obj)
 *(SORT_BY_NAME(SORT_BY_ALIGNMENT(.z_init_PRE_KERNEL_2_P_??_*)))
 *(SORT_BY_NAME(SORT_BY_ALIGNMENT(.z_init_PRE_KERNEL_2_P_???_*)))
                0x0000000030006fec                __init_POST_KERNEL_start = .
 *(SORT_BY_NAME(SORT_BY_ALIGNMENT(.z_init_POST_KERNEL_P_?_*)))
 *(SORT_BY_NAME(SORT_BY_ALIGNMENT(.z_init_POST_KERNEL_P_??_*)))
 .z_init_POST_KERNEL_P_35_SUB_0_
                0x0000000030006fec        0x8 zephyr/lib/libc/common/liblib__libc__common.a(malloc.c.obj)
 .z_init_POST_KERNEL_P_40_SUB_00037_
                0x0000000030006ff4        0x8 zephyr/drivers/gpio/libdrivers__gpio.a(gpio_mcux_igpio.c.obj)
 .z_init_POST_KERNEL_P_40_SUB_00072_
                0x0000000030006ffc        0x8 zephyr/drivers/gpio/libdrivers__gpio.a(gpio_mcux_igpio.c.obj)
 .z_init_POST_KERNEL_P_40_SUB_00105_
                0x0000000030007004        0x8 zephyr/drivers/gpio/libdrivers__gpio.a(gpio_mcux_igpio.c.obj)
 .z_init_POST_KERNEL_P_40_SUB_00238_
                0x000000003000700c        0x8 zephyr/drivers/gpio/libdrivers__gpio.a(gpio_mcux_igpio.c.obj)
 .z_init_POST_KERNEL_P_40_SUB_00271_
                0x0000000030007014        0x8 zephyr/drivers/gpio/libdrivers__gpio.a(gpio_mcux_igpio.c.obj)
 .z_init_POST_KERNEL_P_40_SUB_00303_
                0x000000003000701c        0x8 zephyr/drivers/gpio/libdrivers__gpio.a(gpio_mcux_igpio.c.obj)
 .z_init_POST_KERNEL_P_40_SUB_00336_
                0x0000000030007024        0x8 zephyr/drivers/gpio/libdrivers__gpio.a(gpio_mcux_igpio.c.obj)
 .z_init_POST_KERNEL_P_40_SUB_00353_
                0x000000003000702c        0x8 zephyr/drivers/gpio/libdrivers__gpio.a(gpio_mcux_igpio.c.obj)
 .z_init_POST_KERNEL_P_40_SUB_00386_
                0x0000000030007034        0x8 zephyr/drivers/gpio/libdrivers__gpio.a(gpio_mcux_igpio.c.obj)
 .z_init_POST_KERNEL_P_40_SUB_00419_
                0x000000003000703c        0x8 zephyr/drivers/gpio/libdrivers__gpio.a(gpio_mcux_igpio.c.obj)
 .z_init_POST_KERNEL_P_40_SUB_00433_
                0x0000000030007044        0x8 zephyr/drivers/gpio/libdrivers__gpio.a(gpio_mcux_igpio.c.obj)
 .z_init_POST_KERNEL_P_40_SUB_00466_
                0x000000003000704c        0x8 zephyr/drivers/gpio/libdrivers__gpio.a(gpio_mcux_igpio.c.obj)
 .z_init_POST_KERNEL_P_40_SUB_00498_
                0x0000000030007054        0x8 zephyr/drivers/gpio/libdrivers__gpio.a(gpio_mcux_igpio.c.obj)
 .z_init_POST_KERNEL_P_40_SUB_00597_
                0x000000003000705c        0x8 zephyr/drivers/gpio/libdrivers__gpio.a(gpio_mcux_igpio.c.obj)
 .z_init_POST_KERNEL_P_40_SUB_00621_
                0x0000000030007064        0x8 zephyr/drivers/gpio/libdrivers__gpio.a(gpio_mcux_igpio.c.obj)
 *(SORT_BY_NAME(SORT_BY_ALIGNMENT(.z_init_POST_KERNEL_P_???_*)))
                0x000000003000706c                __init_APPLICATION_start = .
 *(SORT_BY_NAME(SORT_BY_ALIGNMENT(.z_init_APPLICATION_P_?_*)))
 *(SORT_BY_NAME(SORT_BY_ALIGNMENT(.z_init_APPLICATION_P_??_*)))
 *(SORT_BY_NAME(SORT_BY_ALIGNMENT(.z_init_APPLICATION_P_???_*)))
                0x000000003000706c                __init_SMP_start = .
 *(SORT_BY_NAME(SORT_BY_ALIGNMENT(.z_init_SMP_P_?_*)))
 *(SORT_BY_NAME(SORT_BY_ALIGNMENT(.z_init_SMP_P_??_*)))
 *(SORT_BY_NAME(SORT_BY_ALIGNMENT(.z_init_SMP_P_???_*)))
                0x000000003000706c                __init_end = .

device_area     0x000000003000706c      0x1dc
                0x000000003000706c                _device_list_start = .
 *(SORT_BY_NAME(SORT_BY_ALIGNMENT(._device.static.*_?_*)))
 *(SORT_BY_NAME(SORT_BY_ALIGNMENT(._device.static.*_??_*)))
 ._device.static.1_30_
                0x000000003000706c       0x1c zephyr/drivers/clock_control/libdrivers__clock_control.a(clock_control_mcux_ccm_rev2.c.obj)
                0x000000003000706c                __device_dts_ord_8
 ._device.static.1_50_
                0x0000000030007088       0x1c zephyr/drivers/serial/libdrivers__serial.a(uart_mcux_lpuart.c.obj)
                0x0000000030007088                __device_dts_ord_546
 ._device.static.3_40_
                0x00000000300070a4      0x1a4 zephyr/drivers/gpio/libdrivers__gpio.a(gpio_mcux_igpio.c.obj)
                0x00000000300070a4                __device_dts_ord_498
                0x00000000300070c0                __device_dts_ord_466
                0x00000000300070dc                __device_dts_ord_303
                0x00000000300070f8                __device_dts_ord_271
                0x0000000030007114                __device_dts_ord_433
                0x0000000030007130                __device_dts_ord_621
                0x000000003000714c                __device_dts_ord_597
                0x0000000030007168                __device_dts_ord_105
                0x0000000030007184                __device_dts_ord_72
                0x00000000300071a0                __device_dts_ord_419
                0x00000000300071bc                __device_dts_ord_386
                0x00000000300071d8                __device_dts_ord_353
                0x00000000300071f4                __device_dts_ord_37
                0x0000000030007210                __device_dts_ord_336
                0x000000003000722c                __device_dts_ord_238
 *(SORT_BY_NAME(SORT_BY_ALIGNMENT(._device.static.*_???_*)))
 *(SORT_BY_NAME(SORT_BY_ALIGNMENT(._device.static.*_????_*)))
 *(SORT_BY_NAME(SORT_BY_ALIGNMENT(._device.static.*_?????_*)))
                0x0000000030007248                _device_list_end = .

sw_isr_table    0x0000000030007248      0x6d0
                0x0000000030007248                . = ALIGN (0x4)
 *(SORT_BY_ALIGNMENT(.gnu.linkonce.sw_isr_table*))
 .gnu.linkonce.sw_isr_table
                0x0000000030007248      0x6d0 zephyr/arch/common/libisr_tables.a(isr_tables.c.obj)
                0x0000000030007248                _sw_isr_table

initlevel_error
                0x0000000030006fb4        0x0
 *(SORT_BY_NAME(SORT_BY_ALIGNMENT(.z_init_*)))
                0x0000000000000001                ASSERT ((SIZEOF (initlevel_error) == 0x0), Undefined initialization levels used.)

app_shmem_regions
                0x0000000030007918        0x0
                0x0000000030007918                __app_shmem_regions_start = .
 *(SORT_BY_NAME(SORT_BY_ALIGNMENT(.app_regions.*)))
                0x0000000030007918                __app_shmem_regions_end = .

k_p4wq_initparam_area
                0x0000000030007918        0x0
                0x0000000030007918                _k_p4wq_initparam_list_start = .
 *(SORT_BY_NAME(SORT_BY_ALIGNMENT(._k_p4wq_initparam.static.*)))
                0x0000000030007918                _k_p4wq_initparam_list_end = .

_static_thread_data_area
                0x0000000030007918        0x0
                0x0000000030007918                __static_thread_data_list_start = .
 *(SORT_BY_NAME(SORT_BY_ALIGNMENT(.__static_thread_data.static.*)))
                0x0000000030007918                __static_thread_data_list_end = .

device_deps     0x0000000030007918        0x0
                0x0000000030007918                __device_deps_start = .
 *(SORT_BY_NAME(SORT_BY_ALIGNMENT(.__device_deps_pass2*)))
                0x0000000030007918                __device_deps_end = .

gpio_driver_api_area
                0x0000000030007918       0x24
                0x0000000030007918                _gpio_driver_api_list_start = .
 *(SORT_BY_NAME(SORT_BY_ALIGNMENT(._gpio_driver_api.static.*)))
 ._gpio_driver_api.static.mcux_igpio_driver_api_
                0x0000000030007918       0x24 zephyr/drivers/gpio/libdrivers__gpio.a(gpio_mcux_igpio.c.obj)
                0x000000003000793c                _gpio_driver_api_list_end = .

shared_irq_driver_api_area
                0x000000003000793c        0x0
                0x000000003000793c                _shared_irq_driver_api_list_start = .
 *(SORT_BY_NAME(SORT_BY_ALIGNMENT(._shared_irq_driver_api.static.*)))
                0x000000003000793c                _shared_irq_driver_api_list_end = .

crypto_driver_api_area
                0x000000003000793c        0x0
                0x000000003000793c                _crypto_driver_api_list_start = .
 *(SORT_BY_NAME(SORT_BY_ALIGNMENT(._crypto_driver_api.static.*)))
                0x000000003000793c                _crypto_driver_api_list_end = .

adc_driver_api_area
                0x000000003000793c        0x0
                0x000000003000793c                _adc_driver_api_list_start = .
 *(SORT_BY_NAME(SORT_BY_ALIGNMENT(._adc_driver_api.static.*)))
                0x000000003000793c                _adc_driver_api_list_end = .

auxdisplay_driver_api_area
                0x000000003000793c        0x0
                0x000000003000793c                _auxdisplay_driver_api_list_start = .
 *(SORT_BY_NAME(SORT_BY_ALIGNMENT(._auxdisplay_driver_api.static.*)))
                0x000000003000793c                _auxdisplay_driver_api_list_end = .

bbram_driver_api_area
                0x000000003000793c        0x0
                0x000000003000793c                _bbram_driver_api_list_start = .
 *(SORT_BY_NAME(SORT_BY_ALIGNMENT(._bbram_driver_api.static.*)))
                0x000000003000793c                _bbram_driver_api_list_end = .

bt_hci_driver_api_area
                0x000000003000793c        0x0
                0x000000003000793c                _bt_hci_driver_api_list_start = .
 *(SORT_BY_NAME(SORT_BY_ALIGNMENT(._bt_hci_driver_api.static.*)))
                0x000000003000793c                _bt_hci_driver_api_list_end = .

can_driver_api_area
                0x000000003000793c        0x0
                0x000000003000793c                _can_driver_api_list_start = .
 *(SORT_BY_NAME(SORT_BY_ALIGNMENT(._can_driver_api.static.*)))
                0x000000003000793c                _can_driver_api_list_end = .

cellular_driver_api_area
                0x000000003000793c        0x0
                0x000000003000793c                _cellular_driver_api_list_start = .
 *(SORT_BY_NAME(SORT_BY_ALIGNMENT(._cellular_driver_api.static.*)))
                0x000000003000793c                _cellular_driver_api_list_end = .

charger_driver_api_area
                0x000000003000793c        0x0
                0x000000003000793c                _charger_driver_api_list_start = .
 *(SORT_BY_NAME(SORT_BY_ALIGNMENT(._charger_driver_api.static.*)))
                0x000000003000793c                _charger_driver_api_list_end = .

clock_control_driver_api_area
                0x000000003000793c       0x1c
                0x000000003000793c                _clock_control_driver_api_list_start = .
 *(SORT_BY_NAME(SORT_BY_ALIGNMENT(._clock_control_driver_api.static.*)))
 ._clock_control_driver_api.static.mcux_ccm_driver_api_
                0x000000003000793c       0x1c zephyr/drivers/clock_control/libdrivers__clock_control.a(clock_control_mcux_ccm_rev2.c.obj)
                0x0000000030007958                _clock_control_driver_api_list_end = .

comparator_driver_api_area
                0x0000000030007958        0x0
                0x0000000030007958                _comparator_driver_api_list_start = .
 *(SORT_BY_NAME(SORT_BY_ALIGNMENT(._comparator_driver_api.static.*)))
                0x0000000030007958                _comparator_driver_api_list_end = .

coredump_driver_api_area
                0x0000000030007958        0x0
                0x0000000030007958                _coredump_driver_api_list_start = .
 *(SORT_BY_NAME(SORT_BY_ALIGNMENT(._coredump_driver_api.static.*)))
                0x0000000030007958                _coredump_driver_api_list_end = .

counter_driver_api_area
                0x0000000030007958        0x0
                0x0000000030007958                _counter_driver_api_list_start = .
 *(SORT_BY_NAME(SORT_BY_ALIGNMENT(._counter_driver_api.static.*)))
                0x0000000030007958                _counter_driver_api_list_end = .

crc_driver_api_area
                0x0000000030007958        0x0
                0x0000000030007958                _crc_driver_api_list_start = .
 *(SORT_BY_NAME(SORT_BY_ALIGNMENT(._crc_driver_api.static.*)))
                0x0000000030007958                _crc_driver_api_list_end = .

dac_driver_api_area
                0x0000000030007958        0x0
                0x0000000030007958                _dac_driver_api_list_start = .
 *(SORT_BY_NAME(SORT_BY_ALIGNMENT(._dac_driver_api.static.*)))
                0x0000000030007958                _dac_driver_api_list_end = .

dai_driver_api_area
                0x0000000030007958        0x0
                0x0000000030007958                _dai_driver_api_list_start = .
 *(SORT_BY_NAME(SORT_BY_ALIGNMENT(._dai_driver_api.static.*)))
                0x0000000030007958                _dai_driver_api_list_end = .

display_driver_api_area
                0x0000000030007958        0x0
                0x0000000030007958                _display_driver_api_list_start = .
 *(SORT_BY_NAME(SORT_BY_ALIGNMENT(._display_driver_api.static.*)))
                0x0000000030007958                _display_driver_api_list_end = .

dma_driver_api_area
                0x0000000030007958        0x0
                0x0000000030007958                _dma_driver_api_list_start = .
 *(SORT_BY_NAME(SORT_BY_ALIGNMENT(._dma_driver_api.static.*)))
                0x0000000030007958                _dma_driver_api_list_end = .

edac_driver_api_area
                0x0000000030007958        0x0
                0x0000000030007958                _edac_driver_api_list_start = .
 *(SORT_BY_NAME(SORT_BY_ALIGNMENT(._edac_driver_api.static.*)))
                0x0000000030007958                _edac_driver_api_list_end = .

eeprom_driver_api_area
                0x0000000030007958        0x0
                0x0000000030007958                _eeprom_driver_api_list_start = .
 *(SORT_BY_NAME(SORT_BY_ALIGNMENT(._eeprom_driver_api.static.*)))
                0x0000000030007958                _eeprom_driver_api_list_end = .

emul_bbram_driver_api_area
                0x0000000030007958        0x0
                0x0000000030007958                _emul_bbram_driver_api_list_start = .
 *(SORT_BY_NAME(SORT_BY_ALIGNMENT(._emul_bbram_driver_api.static.*)))
                0x0000000030007958                _emul_bbram_driver_api_list_end = .

fuel_gauge_emul_driver_api_area
                0x0000000030007958        0x0
                0x0000000030007958                _fuel_gauge_emul_driver_api_list_start = .
 *(SORT_BY_NAME(SORT_BY_ALIGNMENT(._fuel_gauge_emul_driver_api.static.*)))
                0x0000000030007958                _fuel_gauge_emul_driver_api_list_end = .

emul_sensor_driver_api_area
                0x0000000030007958        0x0
                0x0000000030007958                _emul_sensor_driver_api_list_start = .
 *(SORT_BY_NAME(SORT_BY_ALIGNMENT(._emul_sensor_driver_api.static.*)))
                0x0000000030007958                _emul_sensor_driver_api_list_end = .

entropy_driver_api_area
                0x0000000030007958        0x0
                0x0000000030007958                _entropy_driver_api_list_start = .
 *(SORT_BY_NAME(SORT_BY_ALIGNMENT(._entropy_driver_api.static.*)))
                0x0000000030007958                _entropy_driver_api_list_end = .

espi_driver_api_area
                0x0000000030007958        0x0
                0x0000000030007958                _espi_driver_api_list_start = .
 *(SORT_BY_NAME(SORT_BY_ALIGNMENT(._espi_driver_api.static.*)))
                0x0000000030007958                _espi_driver_api_list_end = .

espi_saf_driver_api_area
                0x0000000030007958        0x0
                0x0000000030007958                _espi_saf_driver_api_list_start = .
 *(SORT_BY_NAME(SORT_BY_ALIGNMENT(._espi_saf_driver_api.static.*)))
                0x0000000030007958                _espi_saf_driver_api_list_end = .

flash_driver_api_area
                0x0000000030007958        0x0
                0x0000000030007958                _flash_driver_api_list_start = .
 *(SORT_BY_NAME(SORT_BY_ALIGNMENT(._flash_driver_api.static.*)))
                0x0000000030007958                _flash_driver_api_list_end = .

fpga_driver_api_area
                0x0000000030007958        0x0
                0x0000000030007958                _fpga_driver_api_list_start = .
 *(SORT_BY_NAME(SORT_BY_ALIGNMENT(._fpga_driver_api.static.*)))
                0x0000000030007958                _fpga_driver_api_list_end = .

fuel_gauge_driver_api_area
                0x0000000030007958        0x0
                0x0000000030007958                _fuel_gauge_driver_api_list_start = .
 *(SORT_BY_NAME(SORT_BY_ALIGNMENT(._fuel_gauge_driver_api.static.*)))
                0x0000000030007958                _fuel_gauge_driver_api_list_end = .

gnss_driver_api_area
                0x0000000030007958        0x0
                0x0000000030007958                _gnss_driver_api_list_start = .
 *(SORT_BY_NAME(SORT_BY_ALIGNMENT(._gnss_driver_api.static.*)))
                0x0000000030007958                _gnss_driver_api_list_end = .

haptics_driver_api_area
                0x0000000030007958        0x0
                0x0000000030007958                _haptics_driver_api_list_start = .
 *(SORT_BY_NAME(SORT_BY_ALIGNMENT(._haptics_driver_api.static.*)))
                0x0000000030007958                _haptics_driver_api_list_end = .

hwspinlock_driver_api_area
                0x0000000030007958        0x0
                0x0000000030007958                _hwspinlock_driver_api_list_start = .
 *(SORT_BY_NAME(SORT_BY_ALIGNMENT(._hwspinlock_driver_api.static.*)))
                0x0000000030007958                _hwspinlock_driver_api_list_end = .

i2c_driver_api_area
                0x0000000030007958        0x0
                0x0000000030007958                _i2c_driver_api_list_start = .
 *(SORT_BY_NAME(SORT_BY_ALIGNMENT(._i2c_driver_api.static.*)))
                0x0000000030007958                _i2c_driver_api_list_end = .

i2c_target_driver_api_area
                0x0000000030007958        0x0
                0x0000000030007958                _i2c_target_driver_api_list_start = .
 *(SORT_BY_NAME(SORT_BY_ALIGNMENT(._i2c_target_driver_api.static.*)))
                0x0000000030007958                _i2c_target_driver_api_list_end = .

i2s_driver_api_area
                0x0000000030007958        0x0
                0x0000000030007958                _i2s_driver_api_list_start = .
 *(SORT_BY_NAME(SORT_BY_ALIGNMENT(._i2s_driver_api.static.*)))
                0x0000000030007958                _i2s_driver_api_list_end = .

i3c_driver_api_area
                0x0000000030007958        0x0
                0x0000000030007958                _i3c_driver_api_list_start = .
 *(SORT_BY_NAME(SORT_BY_ALIGNMENT(._i3c_driver_api.static.*)))
                0x0000000030007958                _i3c_driver_api_list_end = .

ipm_driver_api_area
                0x0000000030007958        0x0
                0x0000000030007958                _ipm_driver_api_list_start = .
 *(SORT_BY_NAME(SORT_BY_ALIGNMENT(._ipm_driver_api.static.*)))
                0x0000000030007958                _ipm_driver_api_list_end = .

led_driver_api_area
                0x0000000030007958        0x0
                0x0000000030007958                _led_driver_api_list_start = .
 *(SORT_BY_NAME(SORT_BY_ALIGNMENT(._led_driver_api.static.*)))
                0x0000000030007958                _led_driver_api_list_end = .

led_strip_driver_api_area
                0x0000000030007958        0x0
                0x0000000030007958                _led_strip_driver_api_list_start = .
 *(SORT_BY_NAME(SORT_BY_ALIGNMENT(._led_strip_driver_api.static.*)))
                0x0000000030007958                _led_strip_driver_api_list_end = .

lora_driver_api_area
                0x0000000030007958        0x0
                0x0000000030007958                _lora_driver_api_list_start = .
 *(SORT_BY_NAME(SORT_BY_ALIGNMENT(._lora_driver_api.static.*)))
                0x0000000030007958                _lora_driver_api_list_end = .

mbox_driver_api_area
                0x0000000030007958        0x0
                0x0000000030007958                _mbox_driver_api_list_start = .
 *(SORT_BY_NAME(SORT_BY_ALIGNMENT(._mbox_driver_api.static.*)))
                0x0000000030007958                _mbox_driver_api_list_end = .

mdio_driver_api_area
                0x0000000030007958        0x0
                0x0000000030007958                _mdio_driver_api_list_start = .
 *(SORT_BY_NAME(SORT_BY_ALIGNMENT(._mdio_driver_api.static.*)))
                0x0000000030007958                _mdio_driver_api_list_end = .

mipi_dbi_driver_api_area
                0x0000000030007958        0x0
                0x0000000030007958                _mipi_dbi_driver_api_list_start = .
 *(SORT_BY_NAME(SORT_BY_ALIGNMENT(._mipi_dbi_driver_api.static.*)))
                0x0000000030007958                _mipi_dbi_driver_api_list_end = .

mipi_dsi_driver_api_area
                0x0000000030007958        0x0
                0x0000000030007958                _mipi_dsi_driver_api_list_start = .
 *(SORT_BY_NAME(SORT_BY_ALIGNMENT(._mipi_dsi_driver_api.static.*)))
                0x0000000030007958                _mipi_dsi_driver_api_list_end = .

mspi_driver_api_area
                0x0000000030007958        0x0
                0x0000000030007958                _mspi_driver_api_list_start = .
 *(SORT_BY_NAME(SORT_BY_ALIGNMENT(._mspi_driver_api.static.*)))
                0x0000000030007958                _mspi_driver_api_list_end = .

opamp_driver_api_area
                0x0000000030007958        0x0
                0x0000000030007958                _opamp_driver_api_list_start = .
 *(SORT_BY_NAME(SORT_BY_ALIGNMENT(._opamp_driver_api.static.*)))
                0x0000000030007958                _opamp_driver_api_list_end = .

peci_driver_api_area
                0x0000000030007958        0x0
                0x0000000030007958                _peci_driver_api_list_start = .
 *(SORT_BY_NAME(SORT_BY_ALIGNMENT(._peci_driver_api.static.*)))
                0x0000000030007958                _peci_driver_api_list_end = .

ps2_driver_api_area
                0x0000000030007958        0x0
                0x0000000030007958                _ps2_driver_api_list_start = .
 *(SORT_BY_NAME(SORT_BY_ALIGNMENT(._ps2_driver_api.static.*)))
                0x0000000030007958                _ps2_driver_api_list_end = .

ptp_clock_driver_api_area
                0x0000000030007958        0x0
                0x0000000030007958                _ptp_clock_driver_api_list_start = .
 *(SORT_BY_NAME(SORT_BY_ALIGNMENT(._ptp_clock_driver_api.static.*)))
                0x0000000030007958                _ptp_clock_driver_api_list_end = .

pwm_driver_api_area
                0x0000000030007958        0x0
                0x0000000030007958                _pwm_driver_api_list_start = .
 *(SORT_BY_NAME(SORT_BY_ALIGNMENT(._pwm_driver_api.static.*)))
                0x0000000030007958                _pwm_driver_api_list_end = .

regulator_parent_driver_api_area
                0x0000000030007958        0x0
                0x0000000030007958                _regulator_parent_driver_api_list_start = .
 *(SORT_BY_NAME(SORT_BY_ALIGNMENT(._regulator_parent_driver_api.static.*)))
                0x0000000030007958                _regulator_parent_driver_api_list_end = .

regulator_driver_api_area
                0x0000000030007958        0x0
                0x0000000030007958                _regulator_driver_api_list_start = .
 *(SORT_BY_NAME(SORT_BY_ALIGNMENT(._regulator_driver_api.static.*)))
                0x0000000030007958                _regulator_driver_api_list_end = .

reset_driver_api_area
                0x0000000030007958        0x0
                0x0000000030007958                _reset_driver_api_list_start = .
 *(SORT_BY_NAME(SORT_BY_ALIGNMENT(._reset_driver_api.static.*)))
                0x0000000030007958                _reset_driver_api_list_end = .

retained_mem_driver_api_area
                0x0000000030007958        0x0
                0x0000000030007958                _retained_mem_driver_api_list_start = .
 *(SORT_BY_NAME(SORT_BY_ALIGNMENT(._retained_mem_driver_api.static.*)))
                0x0000000030007958                _retained_mem_driver_api_list_end = .

rtc_driver_api_area
                0x0000000030007958        0x0
                0x0000000030007958                _rtc_driver_api_list_start = .
 *(SORT_BY_NAME(SORT_BY_ALIGNMENT(._rtc_driver_api.static.*)))
                0x0000000030007958                _rtc_driver_api_list_end = .

sdhc_driver_api_area
                0x0000000030007958        0x0
                0x0000000030007958                _sdhc_driver_api_list_start = .
 *(SORT_BY_NAME(SORT_BY_ALIGNMENT(._sdhc_driver_api.static.*)))
                0x0000000030007958                _sdhc_driver_api_list_end = .

sensor_driver_api_area
                0x0000000030007958        0x0
                0x0000000030007958                _sensor_driver_api_list_start = .
 *(SORT_BY_NAME(SORT_BY_ALIGNMENT(._sensor_driver_api.static.*)))
                0x0000000030007958                _sensor_driver_api_list_end = .

smbus_driver_api_area
                0x0000000030007958        0x0
                0x0000000030007958                _smbus_driver_api_list_start = .
 *(SORT_BY_NAME(SORT_BY_ALIGNMENT(._smbus_driver_api.static.*)))
                0x0000000030007958                _smbus_driver_api_list_end = .

spi_driver_api_area
                0x0000000030007958        0x0
                0x0000000030007958                _spi_driver_api_list_start = .
 *(SORT_BY_NAME(SORT_BY_ALIGNMENT(._spi_driver_api.static.*)))
                0x0000000030007958                _spi_driver_api_list_end = .

stepper_driver_api_area
                0x0000000030007958        0x0
                0x0000000030007958                _stepper_driver_api_list_start = .
 *(SORT_BY_NAME(SORT_BY_ALIGNMENT(._stepper_driver_api.static.*)))
                0x0000000030007958                _stepper_driver_api_list_end = .

stepper_drv_driver_api_area
                0x0000000030007958        0x0
                0x0000000030007958                _stepper_drv_driver_api_list_start = .
 *(SORT_BY_NAME(SORT_BY_ALIGNMENT(._stepper_drv_driver_api.static.*)))
                0x0000000030007958                _stepper_drv_driver_api_list_end = .

syscon_driver_api_area
                0x0000000030007958        0x0
                0x0000000030007958                _syscon_driver_api_list_start = .
 *(SORT_BY_NAME(SORT_BY_ALIGNMENT(._syscon_driver_api.static.*)))
                0x0000000030007958                _syscon_driver_api_list_end = .

tee_driver_api_area
                0x0000000030007958        0x0
                0x0000000030007958                _tee_driver_api_list_start = .
 *(SORT_BY_NAME(SORT_BY_ALIGNMENT(._tee_driver_api.static.*)))
                0x0000000030007958                _tee_driver_api_list_end = .

video_driver_api_area
                0x0000000030007958        0x0
                0x0000000030007958                _video_driver_api_list_start = .
 *(SORT_BY_NAME(SORT_BY_ALIGNMENT(._video_driver_api.static.*)))
                0x0000000030007958                _video_driver_api_list_end = .

virtio_driver_api_area
                0x0000000030007958        0x0
                0x0000000030007958                _virtio_driver_api_list_start = .
 *(SORT_BY_NAME(SORT_BY_ALIGNMENT(._virtio_driver_api.static.*)))
                0x0000000030007958                _virtio_driver_api_list_end = .

w1_driver_api_area
                0x0000000030007958        0x0
                0x0000000030007958                _w1_driver_api_list_start = .
 *(SORT_BY_NAME(SORT_BY_ALIGNMENT(._w1_driver_api.static.*)))
                0x0000000030007958                _w1_driver_api_list_end = .

wdt_driver_api_area
                0x0000000030007958        0x0
                0x0000000030007958                _wdt_driver_api_list_start = .
 *(SORT_BY_NAME(SORT_BY_ALIGNMENT(._wdt_driver_api.static.*)))
                0x0000000030007958                _wdt_driver_api_list_end = .

can_transceiver_driver_api_area
                0x0000000030007958        0x0
                0x0000000030007958                _can_transceiver_driver_api_list_start = .
 *(SORT_BY_NAME(SORT_BY_ALIGNMENT(._can_transceiver_driver_api.static.*)))
                0x0000000030007958                _can_transceiver_driver_api_list_end = .

nrf_clock_control_driver_api_area
                0x0000000030007958        0x0
                0x0000000030007958                _nrf_clock_control_driver_api_list_start = .
 *(SORT_BY_NAME(SORT_BY_ALIGNMENT(._nrf_clock_control_driver_api.static.*)))
                0x0000000030007958                _nrf_clock_control_driver_api_list_end = .

i3c_target_driver_api_area
                0x0000000030007958        0x0
                0x0000000030007958                _i3c_target_driver_api_list_start = .
 *(SORT_BY_NAME(SORT_BY_ALIGNMENT(._i3c_target_driver_api.static.*)))
                0x0000000030007958                _i3c_target_driver_api_list_end = .

its_driver_api_area
                0x0000000030007958        0x0
                0x0000000030007958                _its_driver_api_list_start = .
 *(SORT_BY_NAME(SORT_BY_ALIGNMENT(._its_driver_api.static.*)))
                0x0000000030007958                _its_driver_api_list_end = .

vtd_driver_api_area
                0x0000000030007958        0x0
                0x0000000030007958                _vtd_driver_api_list_start = .
 *(SORT_BY_NAME(SORT_BY_ALIGNMENT(._vtd_driver_api.static.*)))
                0x0000000030007958                _vtd_driver_api_list_end = .

renesas_elc_driver_api_area
                0x0000000030007958        0x0
                0x0000000030007958                _renesas_elc_driver_api_list_start = .
 *(SORT_BY_NAME(SORT_BY_ALIGNMENT(._renesas_elc_driver_api.static.*)))
                0x0000000030007958                _renesas_elc_driver_api_list_end = .

tgpio_driver_api_area
                0x0000000030007958        0x0
                0x0000000030007958                _tgpio_driver_api_list_start = .
 *(SORT_BY_NAME(SORT_BY_ALIGNMENT(._tgpio_driver_api.static.*)))
                0x0000000030007958                _tgpio_driver_api_list_end = .

pcie_ctrl_driver_api_area
                0x0000000030007958        0x0
                0x0000000030007958                _pcie_ctrl_driver_api_list_start = .
 *(SORT_BY_NAME(SORT_BY_ALIGNMENT(._pcie_ctrl_driver_api.static.*)))
                0x0000000030007958                _pcie_ctrl_driver_api_list_end = .

pcie_ep_driver_api_area
                0x0000000030007958        0x0
                0x0000000030007958                _pcie_ep_driver_api_list_start = .
 *(SORT_BY_NAME(SORT_BY_ALIGNMENT(._pcie_ep_driver_api.static.*)))
                0x0000000030007958                _pcie_ep_driver_api_list_end = .

psi5_driver_api_area
                0x0000000030007958        0x0
                0x0000000030007958                _psi5_driver_api_list_start = .
 *(SORT_BY_NAME(SORT_BY_ALIGNMENT(._psi5_driver_api.static.*)))
                0x0000000030007958                _psi5_driver_api_list_end = .

sent_driver_api_area
                0x0000000030007958        0x0
                0x0000000030007958                _sent_driver_api_list_start = .
 *(SORT_BY_NAME(SORT_BY_ALIGNMENT(._sent_driver_api.static.*)))
                0x0000000030007958                _sent_driver_api_list_end = .

svc_driver_api_area
                0x0000000030007958        0x0
                0x0000000030007958                _svc_driver_api_list_start = .
 *(SORT_BY_NAME(SORT_BY_ALIGNMENT(._svc_driver_api.static.*)))
                0x0000000030007958                _svc_driver_api_list_end = .

uart_driver_api_area
                0x0000000030007958       0x14
                0x0000000030007958                _uart_driver_api_list_start = .
 *(SORT_BY_NAME(SORT_BY_ALIGNMENT(._uart_driver_api.static.*)))
 ._uart_driver_api.static.mcux_lpuart_driver_api_
                0x0000000030007958       0x14 zephyr/drivers/serial/libdrivers__serial.a(uart_mcux_lpuart.c.obj)
                0x000000003000796c                _uart_driver_api_list_end = .

bc12_emul_driver_api_area
                0x000000003000796c        0x0
                0x000000003000796c                _bc12_emul_driver_api_list_start = .
 *(SORT_BY_NAME(SORT_BY_ALIGNMENT(._bc12_emul_driver_api.static.*)))
                0x000000003000796c                _bc12_emul_driver_api_list_end = .

bc12_driver_api_area
                0x000000003000796c        0x0
                0x000000003000796c                _bc12_driver_api_list_start = .
 *(SORT_BY_NAME(SORT_BY_ALIGNMENT(._bc12_driver_api.static.*)))
                0x000000003000796c                _bc12_driver_api_list_end = .

usbc_ppc_driver_api_area
                0x000000003000796c        0x0
                0x000000003000796c                _usbc_ppc_driver_api_list_start = .
 *(SORT_BY_NAME(SORT_BY_ALIGNMENT(._usbc_ppc_driver_api.static.*)))
                0x000000003000796c                _usbc_ppc_driver_api_list_end = .

tcpc_driver_api_area
                0x000000003000796c        0x0
                0x000000003000796c                _tcpc_driver_api_list_start = .
 *(SORT_BY_NAME(SORT_BY_ALIGNMENT(._tcpc_driver_api.static.*)))
                0x000000003000796c                _tcpc_driver_api_list_end = .

usbc_vbus_driver_api_area
                0x000000003000796c        0x0
                0x000000003000796c                _usbc_vbus_driver_api_list_start = .
 *(SORT_BY_NAME(SORT_BY_ALIGNMENT(._usbc_vbus_driver_api.static.*)))
                0x000000003000796c                _usbc_vbus_driver_api_list_end = .

ivshmem_driver_api_area
                0x000000003000796c        0x0
                0x000000003000796c                _ivshmem_driver_api_list_start = .
 *(SORT_BY_NAME(SORT_BY_ALIGNMENT(._ivshmem_driver_api.static.*)))
                0x000000003000796c                _ivshmem_driver_api_list_end = .

ethphy_driver_api_area
                0x000000003000796c        0x0
                0x000000003000796c                _ethphy_driver_api_list_start = .
 *(SORT_BY_NAME(SORT_BY_ALIGNMENT(._ethphy_driver_api.static.*)))
                0x000000003000796c                _ethphy_driver_api_list_end = .

ztest           0x000000003000796c        0x0
                0x000000003000796c                _ztest_expected_result_entry_list_start = .
 *(SORT_BY_NAME(SORT_BY_ALIGNMENT(._ztest_expected_result_entry.static.*)))
                0x000000003000796c                _ztest_expected_result_entry_list_end = .
                0x000000003000796c                _ztest_suite_node_list_start = .
 *(SORT_BY_NAME(SORT_BY_ALIGNMENT(._ztest_suite_node.static.*)))
                0x000000003000796c                _ztest_suite_node_list_end = .
                0x000000003000796c                _ztest_unit_test_list_start = .
 *(SORT_BY_NAME(SORT_BY_ALIGNMENT(._ztest_unit_test.static.*)))
                0x000000003000796c                _ztest_unit_test_list_end = .
                0x000000003000796c                _ztest_test_rule_list_start = .
 *(SORT_BY_NAME(SORT_BY_ALIGNMENT(._ztest_test_rule.static.*)))
                0x000000003000796c                _ztest_test_rule_list_end = .

init_array      0x000000003000796c        0x0
                0x000000003000796c                __zephyr_init_array_start = .
 *(SORT_BY_INIT_PRIORITY(.init_array.*) SORT_BY_INIT_PRIORITY(.ctors.*))
 *(SORT_BY_ALIGNMENT(.init_array) SORT_BY_ALIGNMENT(.ctors))
                0x000000003000796c                __zephyr_init_array_end = .
                0x0000000000000001                ASSERT ((__zephyr_init_array_start == __zephyr_init_array_end), GNU-style constructors required but STATIC_INIT_GNU not enabled)

bt_l2cap_fixed_chan_area
                0x000000003000796c        0x0
                0x000000003000796c                _bt_l2cap_fixed_chan_list_start = .
 *(SORT_BY_NAME(SORT_BY_ALIGNMENT(._bt_l2cap_fixed_chan.static.*)))
                0x000000003000796c                _bt_l2cap_fixed_chan_list_end = .

bt_gatt_service_static_area
                0x000000003000796c        0x0
                0x000000003000796c                _bt_gatt_service_static_list_start = .
 *(SORT_BY_NAME(SORT_BY_ALIGNMENT(._bt_gatt_service_static.static.*)))
                0x000000003000796c                _bt_gatt_service_static_list_end = .

log_strings_area
                0x000000003000796c        0x0
                0x000000003000796c                _log_strings_list_start = .
 *(SORT_BY_NAME(SORT_BY_ALIGNMENT(._log_strings.static.*)))
                0x000000003000796c                _log_strings_list_end = .

log_stmesp_ptr_area
                0x000000003000796c        0x0
                0x000000003000796c                _log_stmesp_ptr_list_start = .
 *(SORT_BY_NAME(SORT_BY_ALIGNMENT(._log_stmesp_ptr.static.*)))
                0x000000003000796c                _log_stmesp_ptr_list_end = .

log_stmesp_str_area
                0x000000003000796c        0x0
                0x000000003000796c                _log_stmesp_str_list_start = .
 *(SORT_BY_NAME(SORT_BY_ALIGNMENT(._log_stmesp_str.static.*)))
                0x000000003000796c                _log_stmesp_str_list_end = .

log_const_area  0x000000003000796c        0x0
                0x000000003000796c                _log_const_list_start = .
 *(SORT_BY_NAME(SORT_BY_ALIGNMENT(._log_const.static.*)))
                0x000000003000796c                _log_const_list_end = .

log_backend_area
                0x000000003000796c        0x0
                0x000000003000796c                _log_backend_list_start = .
 *(SORT_BY_NAME(SORT_BY_ALIGNMENT(._log_backend.static.*)))
                0x000000003000796c                _log_backend_list_end = .

log_link_area   0x000000003000796c        0x0
                0x000000003000796c                _log_link_list_start = .
 *(SORT_BY_NAME(SORT_BY_ALIGNMENT(._log_link.static.*)))
                0x000000003000796c                _log_link_list_end = .

tracing_backend_area
                0x000000003000796c        0x0
                0x000000003000796c                _tracing_backend_list_start = .
 *(SORT_BY_NAME(SORT_BY_ALIGNMENT(._tracing_backend.static.*)))
                0x000000003000796c                _tracing_backend_list_end = .

zephyr_dbg_info
 *(SORT_BY_ALIGNMENT(.dbg_thread_info))

intc_table_area
                0x000000003000796c        0x0
                0x000000003000796c                _intc_table_list_start = .
 *(SORT_BY_NAME(SORT_BY_ALIGNMENT(._intc_table.static.*)))
                0x000000003000796c                _intc_table_list_end = .

symbol_to_keep  0x000000003000796c        0x0
                0x000000003000796c                __symbol_to_keep_start = .
 *(SORT_BY_NAME(SORT_BY_ALIGNMENT(.symbol_to_keep*)))
                0x000000003000796c                __symbol_to_keep_end = .

shell_area      0x000000003000796c        0x0
                0x000000003000796c                _shell_list_start = .
 *(SORT_BY_NAME(SORT_BY_ALIGNMENT(._shell.static.*)))
                0x000000003000796c                _shell_list_end = .

shell_root_cmds_area
                0x000000003000796c        0x0
                0x000000003000796c                _shell_root_cmds_list_start = .
 *(SORT_BY_NAME(SORT_BY_ALIGNMENT(._shell_root_cmds.static.*)))
                0x000000003000796c                _shell_root_cmds_list_end = .

shell_subcmds_area
                0x000000003000796c        0x0
                0x000000003000796c                _shell_subcmds_list_start = .
 *(SORT_BY_NAME(SORT_BY_ALIGNMENT(._shell_subcmds.static.*)))
                0x000000003000796c                _shell_subcmds_list_end = .

shell_dynamic_subcmds_area
                0x000000003000796c        0x0
                0x000000003000796c                _shell_dynamic_subcmds_list_start = .
 *(SORT_BY_NAME(SORT_BY_ALIGNMENT(._shell_dynamic_subcmds.static.*)))
                0x000000003000796c                _shell_dynamic_subcmds_list_end = .

cfb_font_area   0x000000003000796c        0x0
                0x000000003000796c                _cfb_font_list_start = .
 *(SORT_BY_NAME(SORT_BY_ALIGNMENT(._cfb_font.static.*)))
                0x000000003000796c                _cfb_font_list_end = .

tdata           0x000000003000796c        0x0
 *(SORT_BY_ALIGNMENT(.tdata) SORT_BY_ALIGNMENT(.tdata.*) SORT_BY_ALIGNMENT(.gnu.linkonce.td.*))

tbss            0x000000003000796c        0x4
 *(SORT_BY_ALIGNMENT(.tbss) SORT_BY_ALIGNMENT(.tbss.*) SORT_BY_ALIGNMENT(.gnu.linkonce.tb.*) SORT_BY_ALIGNMENT(.tcommon))
 .tbss.z_tls_current
                0x000000003000796c        0x4 zephyr/libzephyr.a(thread_entry.c.obj)
                0x000000003000796c                z_tls_current
                0x000000003000796c                PROVIDE (__tdata_start = LOADADDR (tdata))
                0x0000000000000001                PROVIDE (__tdata_align = ALIGNOF (tdata))
                0x0000000000000000                PROVIDE (__tdata_size = (((SIZEOF (tdata) + __tdata_align) - 0x1) & ~ ((__tdata_align - 0x1))))
                [!provide]                        PROVIDE (__tdata_end = (__tdata_start + __tdata_size))
                0x0000000000000004                PROVIDE (__tbss_align = ALIGNOF (tbss))
                [!provide]                        PROVIDE (__tbss_start = ADDR (tbss))
                0x0000000000000004                PROVIDE (__tbss_size = (((SIZEOF (tbss) + __tbss_align) - 0x1) & ~ ((__tbss_align - 0x1))))
                [!provide]                        PROVIDE (__tbss_end = (__tbss_start + __tbss_size))
                [!provide]                        PROVIDE (__tls_start = __tdata_start)
                [!provide]                        PROVIDE (__tls_end = __tbss_end)
                [!provide]                        PROVIDE (__tls_size = (__tbss_end - __tdata_start))

rodata          0x000000003000796c     0x2978
 *(SORT_BY_ALIGNMENT(.rodata))
 *(SORT_BY_ALIGNMENT(.rodata.*))
 .rodata.led1   0x000000003000796c        0x8 app/libapp.a(main.c.obj)
 .rodata.led    0x0000000030007974        0x8 app/libapp.a(main.c.obj)
 .rodata.videoPllConfig.0
                0x000000003000797c       0x14 zephyr/libzephyr.a(soc.c.obj)
 .rodata.armPllConfig.1
                0x0000000030007990        0x8 zephyr/libzephyr.a(soc.c.obj)
 .rodata.sysPll2Config
                0x0000000030007998        0xc zephyr/libzephyr.a(soc.c.obj)
 .rodata.mpu_config
                0x00000000300079a4        0x8 zephyr/libzephyr.a(mpu_regions.c.obj)
                0x00000000300079a4                mpu_config
 .rodata.mpu_regions
                0x00000000300079ac       0x18 zephyr/libzephyr.a(mpu_regions.c.obj)
 .rodata.mem_attr_region
                0x00000000300079c4        0x0 zephyr/libzephyr.a(mem_attr.c.obj)
 .rodata.static_regions
                0x00000000300079c4        0xc zephyr/arch/arch/arm/core/mpu/libarch__arm__core__mpu.a(arm_core_mpu.c.obj)
 .rodata.stdout
                0x00000000300079d0        0x4 zephyr/lib/libc/picolibc/liblib__libc__picolibc.a(stdio.c.obj)
                0x00000000300079d0                stderr
                0x00000000300079d0                stdout
 .rodata.mcux_igpio_14_config
                0x00000000300079d4       0x10 zephyr/drivers/gpio/libdrivers__gpio.a(gpio_mcux_igpio.c.obj)
 .rodata.mcux_igpio_pinmux_14
                0x00000000300079e4      0x280 zephyr/drivers/gpio/libdrivers__gpio.a(gpio_mcux_igpio.c.obj)
                0x00000000300079e4                mcux_igpio_pinmux_14
 .rodata.mcux_igpio_13_config
                0x0000000030007c64       0x10 zephyr/drivers/gpio/libdrivers__gpio.a(gpio_mcux_igpio.c.obj)
 .rodata.mcux_igpio_pinmux_13
                0x0000000030007c74      0x280 zephyr/drivers/gpio/libdrivers__gpio.a(gpio_mcux_igpio.c.obj)
                0x0000000030007c74                mcux_igpio_pinmux_13
 .rodata.mcux_igpio_12_config
                0x0000000030007ef4       0x10 zephyr/drivers/gpio/libdrivers__gpio.a(gpio_mcux_igpio.c.obj)
 .rodata.mcux_igpio_pinmux_12
                0x0000000030007f04      0x280 zephyr/drivers/gpio/libdrivers__gpio.a(gpio_mcux_igpio.c.obj)
                0x0000000030007f04                mcux_igpio_pinmux_12
 .rodata.mcux_igpio_11_config
                0x0000000030008184       0x10 zephyr/drivers/gpio/libdrivers__gpio.a(gpio_mcux_igpio.c.obj)
 .rodata.mcux_igpio_pinmux_11
                0x0000000030008194      0x280 zephyr/drivers/gpio/libdrivers__gpio.a(gpio_mcux_igpio.c.obj)
                0x0000000030008194                mcux_igpio_pinmux_11
 .rodata.mcux_igpio_10_config
                0x0000000030008414       0x10 zephyr/drivers/gpio/libdrivers__gpio.a(gpio_mcux_igpio.c.obj)
 .rodata.mcux_igpio_pinmux_10
                0x0000000030008424      0x104 zephyr/drivers/gpio/libdrivers__gpio.a(gpio_mcux_igpio.c.obj)
                0x0000000030008424                mcux_igpio_pinmux_10